8
 energy: -14.458209135096 gnorm: 0.050258646900 xtb: 6.7.1 (edcfbbe)
O           -0.30350000000000        1.28900000000000       -0.00020000000000
O           -0.98000000000000       -0.88780000000000       -0.00020000000000
C            1.37430000000000       -0.35160000000000       -0.00020000000000
C           -0.09070000000000       -0.04960000000000        0.00060000000000
H            1.83680000000000        0.05700000000000       -0.90210000000000
H            1.84000000000000        0.06760000000000        0.89520000000000
H            1.52070000000000       -1.43560000000000        0.00640000000000
H           -1.25980000000000        1.50810000000000       -0.00080000000000
8
 energy: -14.459834225750 gnorm: 0.008326579554 xtb: 6.7.1 (edcfbbe)
O           -0.30643084743141        1.27993527426435       -0.00026793891850
O           -0.97877002552841       -0.85612042183033       -0.00016128756977
C            1.37415065427557       -0.36293171646192       -0.00001408164483
C           -0.09051634069729       -0.04650310280551       -0.00067529860825
H            1.83750467304801        0.06373052255875       -0.88682112421651
H            1.84000263970736        0.07536031808122        0.87985765253461
H            1.51932144461161       -1.44221203374181        0.00667935561454
H           -1.25746219798545        1.48584115993524        0.00010272280872
8
 energy: -14.459931547433 gnorm: 0.002366800565 xtb: 6.7.1 (edcfbbe)
O           -0.30538060876347        1.27686162821942        0.00001884003911
O           -0.98460433177508       -0.84584620002647       -0.00003974949938
C            1.37567116015234       -0.36594734654488        0.00016706529916
C           -0.09089605911651       -0.04620089338489        0.00120695561246
H            1.83817778143678        0.06772856933547       -0.88294436771612
H            1.84184271323527        0.07788403515193        0.87618391049353
H            1.51786608926824       -1.44237691424639        0.00568003863364
H           -1.25487674443757        1.47499712149581       -0.00157269286241
8
 energy: -14.459939446180 gnorm: 0.001253614136 xtb: 6.7.1 (edcfbbe)
O           -0.30444983975236        1.27730093725044       -0.00030393325046
O           -0.98692584741931       -0.84325535658680       -0.00015475636697
C            1.37638981154059       -0.36681777700454        0.00002778096078
C           -0.09049987487623       -0.04572528635661       -0.00143568226882
H            1.83860319069172        0.06724701277917       -0.88307771528135
H            1.84058260297306        0.07946968138115        0.87599748591817
H            1.51857383531874       -1.44248396611715        0.00696143747361
H           -1.25447387847622        1.47136475465435        0.00068538281503
8
 energy: -14.459939750346 gnorm: 0.001514327252 xtb: 6.7.1 (edcfbbe)
O           -0.30343337279665        1.27875668322544        0.00013325432253
O           -0.98873199628170       -0.84058370440666        0.00002636994962
C            1.37703872536774       -0.36747030998981        0.00023745741248
C           -0.08968959899003       -0.04481400247848        0.00241038195881
H            1.83682865417109        0.06876623827782       -0.88334180100088
H            1.84114108386348        0.07798615585305        0.87670287398184
H            1.51937535135687       -1.44268245634820        0.00509611261629
H           -1.25472884669080        1.46714139586685       -0.00256464924070
8
 energy: -14.459942459070 gnorm: 0.000254621948 xtb: 6.7.1 (edcfbbe)
O           -0.30389884554986        1.27895270300663       -0.00017576399529
O           -0.98747599821777       -0.84141105681852       -0.00008169409226
C            1.37665147372353       -0.36696919793245        0.00009371329548
C           -0.08971086510383       -0.04481514638245       -0.00016665357811
H            1.83796055541961        0.06730476814411       -0.88350667027569
H            1.84071215963718        0.07851972208979        0.87658985360206
H            1.51878587382030       -1.44264014378047        0.00633386962762
H           -1.25522435372916        1.46815835167336       -0.00038665458381
