28
 energy: -47.230818953034 gnorm: 0.111815248676 xtb: 6.7.1 (edcfbbe)
C          -10.86348000000000        1.28095400000000       -1.25513600000000
C           -9.40666200000000        0.95928700000000       -1.35007900000000
O           -9.04802400000000       -0.20825700000000       -1.39299100000000
O           -8.50762400000000        1.98029900000000       -1.39581600000000
C           -7.12170000000000        1.88536400000000       -1.47431900000000
C           -6.57263200000000        1.21528300000000       -0.18839600000000
O           -6.76964200000000        1.17941200000000       -2.64287900000000
N           -6.58607600000000        3.23898400000000       -1.56811500000000
C           -5.21068800000000        3.58709900000000       -1.77640600000000
C           -4.20623300000000        2.62985200000000       -2.03999200000000
C           -2.88112600000000        3.02758400000000       -2.24228600000000
C           -2.53325000000000        4.38311600000000       -2.18757700000000
O           -1.25851400000000        4.77780700000000       -2.38082500000000
C           -3.51963900000000        5.33827300000000       -1.93238000000000
C           -4.84564600000000        4.94489300000000       -1.73136700000000
H          -11.47187200000000        0.35156100000000       -1.22954800000000
H          -11.16665800000000        1.88495300000000       -2.13553600000000
H          -11.05493400000000        1.86223100000000       -0.32931900000000
H           -6.96480600000000        0.18553500000000       -0.06679600000000
H           -6.87990800000000        1.80817600000000        0.69947600000000
H           -5.46898500000000        1.14689700000000       -0.18429900000000
H           -6.82225400000000        0.20697400000000       -2.45617300000000
H           -7.26016300000000        4.01665400000000       -1.48392800000000
H           -4.42296800000000        1.57540600000000       -2.10183100000000
H           -2.12513600000000        2.27904600000000       -2.44409900000000
H           -0.54695800000000        4.14691400000000       -2.56145000000000
H           -3.25955500000000        6.38859600000000       -1.89019700000000
H           -5.59254600000000        5.70424500000000       -1.53581400000000
28
 energy: -47.245105015244 gnorm: 0.056061275552 xtb: 6.7.1 (edcfbbe)
C          -10.82178184904168        1.30758290705521       -1.25810805728528
C           -9.36563532599632        0.95896257816584       -1.35621487920258
O           -8.98407432017666       -0.18974053505050       -1.39999048636106
O           -8.51439432703132        2.01330816074488       -1.38451116345450
C           -7.10747666520660        1.88124889763924       -1.45986820991045
C           -6.57766093122173        1.20449571592027       -0.18013557865036
O           -6.75807591741081        1.17247332672877       -2.61805123098954
N           -6.57351008924423        3.22147333254463       -1.56739711600851
C           -5.22413216236960        3.57094488805434       -1.78101946377510
C           -4.22050828944326        2.63227345297728       -2.03789232777014
C           -2.90532269078566        3.03138479975821       -2.23540751834014
C           -2.55072328765469        4.37707811810204       -2.18381282544058
O           -1.27563147663966        4.80120709878300       -2.37445182878918
C           -3.54066686105854        5.31876098931656       -1.92971851421580
C           -4.85538628554011        4.92008051844677       -1.73277463401180
H          -11.40425679900100        0.38248060105808       -1.23472339054992
H          -11.14002367429418        1.90282082801762       -2.11805176966750
H          -11.03043922934707        1.87914196297433       -0.34967738085864
H           -6.98142122744659        0.19311625648284       -0.07657741256271
H           -6.88356246245983        1.80060759846596        0.68387790803204
H           -5.48831047583312        1.15441492599516       -0.19626322364897
H           -6.85428464182379        0.21628200978841       -2.44896612624901
H           -7.23881954323307        3.98156087159394       -1.50353990701081
H           -4.44438221568988        1.58207156763112       -2.11419530121395
H           -2.14736027709859        2.28653429233067       -2.43937092601216
H           -0.60150743899972        4.13276605233487       -2.55352467074695
H           -3.27748216787334        6.36583881880829       -1.88922842577031
H           -5.60084836807897        5.67796796533222       -1.53848353953607
28
 energy: -47.251061226288 gnorm: 0.018522264661 xtb: 6.7.1 (edcfbbe)
C          -10.77442365297514        1.33102571193257       -1.26240888457766
C           -9.31693132148205        0.96749538260434       -1.35866023288902
O           -8.91315382749520       -0.16299498412255       -1.42201074532432
O           -8.51675423733089        2.05455764222354       -1.37075584279191
C           -7.08741637312748        1.87584306053768       -1.45159858210231
C           -6.58432073783119        1.19853963304328       -0.16769909821559
O           -6.75975274847553        1.15723984143680       -2.59737845258225
N           -6.56170396533497        3.20365747817701       -1.56746351829489
C           -5.23810831484020        3.55346155383771       -1.78360205120943
C           -4.23058571501452        2.62933945773207       -2.04177134500113
C           -2.92222065532255        3.03247836132745       -2.23351578883639
C           -2.57064739327027        4.37250826185669       -2.17890104236925
O           -1.29577011254421        4.82598886625748       -2.36466739759353
C           -3.56873907927258        5.30487818277285       -1.92672719183852
C           -4.87342862502346        4.90047833137881       -1.73209606993759
H          -11.34912308893305        0.41072894369545       -1.24305197550119
H          -11.08004790357530        1.92899236292693       -2.11280069377904
H          -10.97218100441139        1.89972102750978       -0.36142732498951
H           -6.99450463624233        0.19892378014616       -0.08024318626725
H           -6.89036381723427        1.79392786826166        0.68412614562559
H           -5.50384385367892        1.15528601008236       -0.19854965519758
H           -6.91472813526807        0.21460494505615       -2.44361758413597
H           -7.22857561108397        3.94867523948714       -1.52678194662268
H           -4.46093491521417        1.58148345037691       -2.12999823190543
H           -2.16067225713298        2.29039626904944       -2.43665434557525
H           -0.67226196558679        4.10660910160495       -2.54297628639509
H           -3.30303959387456        6.34957125907857       -1.88689131762092
H           -5.62344545842399        5.65372096172883       -1.53995535407192
28
 energy: -47.252306625450 gnorm: 0.014256570819 xtb: 6.7.1 (edcfbbe)
C          -10.74797950154135        1.34451120769683       -1.26512320894267
C           -9.29297264272090        0.97526981387133       -1.37094188884719
O           -8.88128079566009       -0.15151358072045       -1.44741743782205
O           -8.50882278218090        2.06720382633503       -1.36356963364320
C           -7.07263126955754        1.86854283189453       -1.44560766537780
C           -6.58279357003457        1.19307077713085       -0.15614108270513
O           -6.75998896311648        1.14309445871953       -2.58421041108661
N           -6.55666282360007        3.19348869320237       -1.56560988417542
C           -5.24066439322601        3.54653987561485       -1.78650637645046
C           -4.23166340798296        2.62448280255642       -2.04817364461007
C           -2.92489698613316        3.03317392478439       -2.23614237254011
C           -2.58323276318236        4.37463418325157       -2.17579237204269
O           -1.30828279400831        4.83446181894107       -2.35747864343978
C           -3.58559709745980        5.30538220095052       -1.92513275002809
C           -4.88700108842157        4.89654993941016       -1.73318502779901
H          -11.33333189843484        0.43075489737228       -1.24839699278064
H          -11.03765967918537        1.95385289574565       -2.11462632898323
H          -10.92500934171754        1.91631183961629       -0.36027413285835
H           -6.99602522021935        0.19372765144117       -0.07217188193317
H           -6.89565575333664        1.79155105524596        0.69263032718600
H           -5.50113033743108        1.14842218502092       -0.18187724373191
H           -6.97621118015528        0.20466248369674       -2.44099782046124
H           -7.23520522195340        3.93274285667861       -1.54851126820625
H           -4.46466346739470        1.57712783199974       -2.14252861608350
H           -2.16117373183033        2.29327818946463       -2.44023589995004
H           -0.71025978518353        4.09441706260671       -2.53563636777343
H           -3.32138403614940        6.34988317199387       -1.88431273640177
H           -5.64549846818251        5.64151310547858       -1.54010663851223
28
 energy: -47.252870229952 gnorm: 0.011720938590 xtb: 6.7.1 (edcfbbe)
C          -10.73149878064926        1.35734437802543       -1.26796254425815
C           -9.28091429106916        0.97799656972326       -1.37700055984970
O           -8.87251873583205       -0.15018561961844       -1.48366339341008
O           -8.49882924704354        2.06335588246730       -1.35081290780121
C           -7.05967268004477        1.85710780110616       -1.44033245377416
C           -6.57580713310892        1.18876220831951       -0.14464415384108
O           -6.75884456523287        1.12539073233487       -2.57276591889750
N           -6.55235751998809        3.18240072915414       -1.56291999063399
C           -5.23888643490617        3.54265814597912       -1.79042376350331
C           -4.22971216127526        2.62090941212415       -2.05596609977650
C           -2.92370047509051        3.03657712440980       -2.24091181582894
C           -2.59283181681630        4.38077384923457       -2.17396256630768
O           -1.31645568820864        4.83948052063376       -2.35084266252306
C           -3.59786213779251        5.31068628646120       -1.92441788701406
C           -4.89760828477553        4.89639848228647       -1.73491082821999
H          -11.33699748971289        0.45586432115915       -1.25855368260787
H          -11.00322973444797        1.98354398212452       -2.11458441416491
H          -10.88866984008475        1.92943110268026       -0.35699279156642
H           -6.98720323027472        0.18711111515568       -0.05885921387791
H           -6.89675534298331        1.78913668468651        0.70257443676648
H           -5.49193678050524        1.14244444378471       -0.15914214582733
H           -7.03129601538250        0.19606518360548       -2.43564176860915
H           -7.24398155729170        3.91447662932643       -1.57395884048436
H           -4.46413856254102        1.57391521278679       -2.15278255015451
H           -2.15743497445329        2.29986535751411       -2.44668445990893
H           -0.73594355357910        4.08885259127511       -2.52875082731664
H           -3.33637513212487        6.35567509707916       -1.88199701249975
H           -5.66621683478513        5.63109977618108       -1.54116718410939
28
 energy: -47.253137111891 gnorm: 0.009298784402 xtb: 6.7.1 (edcfbbe)
C          -10.72627411235705        1.36839724839367       -1.26913370042636
C           -9.28066213376627        0.97643473717536       -1.38837373790942
O           -8.88207145873856       -0.15514636345901       -1.50806751988790
O           -8.49097722637155        2.05142331257630       -1.34116066322107
C           -7.05108759272953        1.84655499171735       -1.43568977205375
C           -6.56851069660778        1.18371388593726       -0.13645251584563
O           -6.75420887222760        1.11138116670216       -2.56436799505183
N           -6.54915558592024        3.17413196536272       -1.55875365702680
C           -5.23620993702183        3.54102625665727       -1.79254126426472
C           -4.22691605697030        2.62002225291536       -2.06053570802473
C           -2.92183962886250        3.04146837054177       -2.24474059716849
C           -2.59779798316996        4.38762436337893       -2.17370843416906
O           -1.31943406740702        4.84253576108362       -2.34712826805012
C           -3.60431244172498        5.31620067226179       -1.92495191383640
C           -4.90326853324503        4.89705284340482       -1.73668069572201
H          -11.34797748494193        0.47782235731004       -1.26275798737743
H          -10.98963585276494        2.00391652600656       -2.11259745839249
H          -10.87023827105429        1.94051845546532       -0.35475265043771
H           -6.97587069398752        0.17933324907737       -0.04842864714743
H           -6.89562452042235        1.78496903862740        0.70900054488607
H           -5.48337897839405        1.13880115548768       -0.14207713625526
H           -7.05851086333857        0.19316877510896       -2.43005155427724
H           -7.24909201301456        3.89920740573842       -1.59523007083794
H           -4.46114187218389        1.57318715013413       -2.15761252336339
H           -2.15297291451836        2.30823985820493       -2.45245623042820
H           -0.74618798277999        4.08883441733702       -2.52476907694780
H           -3.34569389634017        6.36193704628215       -1.88121540262034
H           -5.67862732913928        5.62438110057105       -1.54284336414269
28
 energy: -47.253347181164 gnorm: 0.008629919645 xtb: 6.7.1 (edcfbbe)
C          -10.72521475966897        1.38145875275828       -1.27181517544043
C           -9.28434342308106        0.97334558441686       -1.39228791792825
O           -8.89995902152126       -0.16221458638271       -1.53509228606006
O           -8.48263763694548        2.03658028038717       -1.32511916941489
C           -7.04302003944203        1.83524563070205       -1.42832845035265
C           -6.55879251528968        1.17671167932479       -0.12772183959533
O           -6.74838818036351        1.09604317054527       -2.55452835846447
N           -6.54522250343539        3.16575046853261       -1.55075235756438
C           -5.23329106798423        3.53896569484205       -1.79332513805796
C           -4.22265226659939        2.62033974184615       -2.06228943009276
C           -2.91953903538961        3.04813421210652       -2.24738499270252
C           -2.60104091967464        4.39597876688801       -2.17476374216907
O           -1.32069225168996        4.84763479352219       -2.34565264888036
C           -3.60965856977152        5.32165333929894       -1.92761473135440
C           -4.90744041896226        4.89658653942029       -1.73961833522886
H          -11.36010821011125        0.50070745673179       -1.27103462185394
H          -10.98202514594134        2.02520866736946       -2.11106363892690
H          -10.86268293566068        1.94968115230773       -0.35458746651862
H           -6.96204374550915        0.17007857285451       -0.03888739601411
H           -6.89096554073371        1.77775450813637        0.71564815518912
H           -5.47334261463696        1.13544069767698       -0.12804980076843
H           -7.08837909387917        0.19094363794680       -2.42677002429889
H           -7.25136600948516        3.88222876823337       -1.61918169764796
H           -4.45479384327595        1.57327248792599       -2.15781419870648
H           -2.14695972223118        2.31956779382713       -2.45692242503580
H           -0.74976529442064        4.09347236849594       -2.52255531976468
H           -3.35536941935036        6.36859405820628       -1.88380322557425
H           -5.68798481494559        5.61797376207968       -1.54676176677282
28
 energy: -47.253503443665 gnorm: 0.007284433390 xtb: 6.7.1 (edcfbbe)
C          -10.72638845665143        1.39438802209989       -1.27463152719378
C           -9.28971523948991        0.97202347818849       -1.40010278057866
O           -8.91805716332208       -0.16544063426329       -1.55405550999565
O           -8.47562567734717        2.02502945242142       -1.31104580154093
C           -7.03682492051071        1.82530133826936       -1.41857128829630
C           -6.54947159450972        1.16758825179853       -0.11889032437892
O           -6.74187408795798        1.08421132619769       -2.54464378492460
N           -6.54129695434746        3.15800255022894       -1.53781791164753
C           -5.23107040223597        3.53526593707170       -1.79043149687589
C           -4.21746609859074        2.62041591681449       -2.05913171323343
C           -2.91713553527557        3.05415130428419       -2.24729071019116
C           -2.60286925967881        4.40348124125651       -2.17697166376778
O           -1.32224286709320        4.85577728167409       -2.34793249075555
C           -3.61462936059101        5.32509770901108       -1.93226513604045
C           -4.91056530474414        4.89396534622110       -1.74251308081551
H          -11.36846479592070        0.51961444775104       -1.27613548723206
H          -10.98050572126496        2.04095090615214       -2.11126214514175
H          -10.86000151688645        1.96047409433074       -0.35633469697479
H           -6.94922882227840        0.15949239129547       -0.03258477659053
H           -6.88459857180300        1.76634296332531        0.72383588480413
H           -5.46448359526273        1.13055766865798       -0.11862738652681
H           -7.11912145742278        0.19231442529144       -2.42957374854361
H           -7.25151208605150        3.86574306615665       -1.64503059953049
H           -4.44584303330695        1.57246832446318       -2.15197382301234
H           -2.14039596874264        2.33038939878321       -2.45791923646081
H           -0.74841320107084        4.10357586840849       -2.52344804656662
H           -3.36594220106720        6.37360565371379       -1.89080425277171
H           -5.69393510657611        5.61235027039694       -1.55192446521670
28
 energy: -47.253634201470 gnorm: 0.005770894775 xtb: 6.7.1 (edcfbbe)
C          -10.72817032064240        1.40651947792257       -1.27742731683199
C           -9.29441753265988        0.97310819819620       -1.40032532072372
O           -8.93245039897967       -0.16462586305122       -1.57740546788697
O           -8.47054038409665        2.01844476461192       -1.29314559591330
C           -7.03364942124952        1.81782311169727       -1.40643505308189
C           -6.54073382164800        1.15671101427257       -0.11071471807569
O           -6.74076605800082        1.07671942145874       -2.53573045948502
N           -6.53828440254304        3.15170198763138       -1.52003832758213
C           -5.23002729723841        3.52983131226244       -1.78502203184988
C           -4.21204859332571        2.61920308565096       -2.05102199067356
C           -2.91470198253300        3.05801989904553       -2.24377084643689
C           -2.60424468287755        4.40891189677389       -2.18056688726087
O           -1.32579655254712        4.86636496195213       -2.35473879704030
C           -3.62014277934961        5.32614822792718       -1.93981712146528
C           -4.91366717578295        4.88941385338534       -1.74629484981403
H          -11.37370302939380        0.53446382820315       -1.28482056653450
H          -10.97795926295974        2.05694837588914       -2.11194824704336
H          -10.86231678354476        1.96874018600586       -0.35773269418639
H           -6.93785609442853        0.14771127243143       -0.02891330521494
H           -6.87586891505596        1.75133328407260        0.73384795361751
H           -5.45646395814498        1.12366659618187       -0.11475709869154
H           -7.14460618852247        0.19950915437747       -2.43607135715990
H           -7.24988632400180        3.85022155011268       -1.67279699021795
H           -4.43516516496326        1.56956828929069       -2.13844941902661
H           -2.13381464701470        2.33837172575663       -2.45349538746055
H           -0.74432351836668        4.11843219602725       -2.52744599662567
H           -3.37800881536394        6.37648179946521       -1.90397771937963
H           -5.69806489476525        5.60739439244975       -1.55906238795521
28
 energy: -47.253720884449 gnorm: 0.007447254816 xtb: 6.7.1 (edcfbbe)
C          -10.72743657783306        1.41700991281181       -1.28001534875726
C           -9.29575622102732        0.97690101470164       -1.40272709435309
O           -8.93949753940328       -0.15898615861350       -1.59412429698313
O           -8.46546662505798        2.01651309392274       -1.27968757373246
C           -7.03042648462184        1.81226370777027       -1.39348116329643
C           -6.53510373269331        1.14309868417749       -0.10285809454871
O           -6.73608000251659        1.07574640295734       -2.52789781422452
N           -6.53437006865669        3.14673401978583       -1.49572583621717
C           -5.22825577133247        3.52353927507433       -1.77495090576710
C           -4.20571164735983        2.61690369624945       -2.03687690706645
C           -2.91139956259117        3.06024662657316       -2.23687996969350
C           -2.60590180098675        4.41302304988166       -2.18594260841315
O           -1.33216610493982        4.87957957191792       -2.36676316816402
C           -3.62661409805424        5.32634137058240       -1.95062983596771
C           -4.91692956188779        4.88449901586676       -1.75004370454204
H          -11.37495944811599        0.54627829777221       -1.28986833768639
H          -10.97381569531052        2.06810803129282       -2.11467899409751
H          -10.86173847677727        1.97909808763311       -0.36056753740078
H           -6.93016932937534        0.13317914458105       -0.02844658462969
H           -6.86954955874681        1.73168709108608        0.74581210470747
H           -5.45131131994430        1.11324299239068       -0.11124337998079
H           -7.18471290345620        0.21093441018734       -2.45333560678753
H           -7.24569688203868        3.83444767719037       -1.70099240062519
H           -4.42297742826616        1.56501778070791       -2.11611718037448
H           -2.12692339454062        2.34341945327991       -2.44334618119530
H           -0.74092293395259        4.13682178191245       -2.53468589770778
H           -3.39137218909210        6.37856164699833       -1.92432184415988
H           -5.70241364142152        5.60292832130914       -1.56768183833575
28
 energy: -47.253810530093 gnorm: 0.007236327254 xtb: 6.7.1 (edcfbbe)
C          -10.72804555649208        1.41714791668574       -1.27898539704025
C           -9.29547616845554        0.98149660695577       -1.40248863615290
O           -8.93582182819284       -0.15119522835002       -1.59393577623487
O           -8.46696920131253        2.02239579242429       -1.27883309858204
C           -7.03385140685550        1.81532975554043       -1.38893180868477
C           -6.53767567292972        1.13533350955035       -0.10413443654714
O           -6.73806676775742        1.08749922168181       -2.53057327871424
N           -6.53477872556964        3.14957069102007       -1.47939832685924
C           -5.22828348202858        3.52074905809427       -1.76582694931538
C           -4.20367269829977        2.61467013192469       -2.02216103552694
C           -2.90999753070754        3.05733826499305       -2.22847922255115
C           -2.60594410797798        4.41074002299425       -2.19079250889089
O           -1.33756976803908        4.88536983387602       -2.37972953658767
C           -3.62868938064641        5.32378631640370       -1.95982147126386
C           -4.91735524328576        4.88212084290199       -1.75214290220362
H          -11.37161032540745        0.54318130428208       -1.28716231854692
H          -10.97556920722011        2.06445143374366       -2.11628013283120
H          -10.86513311834288        1.98209912620947       -0.36131064032291
H           -6.93361000048747        0.12546641371519       -0.03672079281378
H           -6.86869688093590        1.71795993621642        0.75049773439625
H           -5.45401577695762        1.10471496844400       -0.11670639488316
H           -7.18055707571146        0.22691843774657       -2.46733242123439
H           -7.23983547621837        3.83195609345698       -1.70519909918381
H           -4.41747495166651        1.56104284614280       -2.09295143333144
H           -2.12546457528080        2.33894260311450       -2.42944361524172
H           -0.73644343159580        4.14787069276192       -2.54282472224850
H           -3.39566370488073        6.37661176484432       -1.94305076128419
H           -5.70140693674480        5.60356964262635       -1.57335901731966
28
 energy: -47.253884868313 gnorm: 0.005764084115 xtb: 6.7.1 (edcfbbe)
C          -10.72524071772578        1.41771123998315       -1.27666033310979
C           -9.29224712441824        0.98411055517250       -1.40293894039916
O           -8.93064544290842       -0.14813563242590       -1.60716725539568
O           -8.46613328119312        2.02612223360675       -1.27627909296534
C           -7.03350606499059        1.81740708220074       -1.38416597778055
C           -6.54127841854746        1.12684107832518       -0.10391983150910
O           -6.73620532648949        1.09868889665067       -2.53124276280295
N           -6.53343634194711        3.15234080278956       -1.46249696705791
C           -5.22650869351577        3.52028352583811       -1.75678961595511
C           -4.20162979907464        2.61347501707194       -2.00759494770230
C           -2.90840704972275        3.05605760846622       -2.22118276146547
C           -2.60735847720120        4.41008421213053       -2.19579610629438
O           -1.34258249138833        4.88864070565537       -2.39231686779694
C           -3.63112538383007        5.32404244324804       -1.96934030081533
C           -4.91840262352748        4.88270091815673       -1.75497086346796
H          -11.36951954531720        0.54385209050272       -1.28506833144573
H          -10.97306582188087        2.06628743863301       -2.11386507656340
H          -10.86068708242737        1.98313268509321       -0.35848602278976
H           -6.93929987201697        0.11695050458492       -0.04425457711949
H           -6.87191270585531        1.70417703420073        0.75505118154264
H           -5.45740508968234        1.09374095095405       -0.11483115171120
H           -7.18483371766460        0.24072522753287       -2.47895694252759
H           -7.23753650969524        3.82984552231839       -1.71578852901825
H           -4.41370030327402        1.55887940537232       -2.07013765632921
H           -2.12435566570374        2.33585167673774       -2.41738010755321
H           -0.73817630141747        4.15255892292147       -2.55046965625586
H           -3.39879333551726        6.37703155846372       -1.96199102238802
H           -5.70368581306747        5.60373429581592       -1.57903748332337
28
 energy: -47.253971837555 gnorm: 0.004301979767 xtb: 6.7.1 (edcfbbe)
C          -10.72128737655375        1.41274664659950       -1.27264638736599
C           -9.28645208514907        0.98660048779815       -1.40392096366788
O           -8.91952309529465       -0.14498339866163       -1.61138974930219
O           -8.46662304039383        2.03246156986700       -1.28227399128123
C           -7.03321423852900        1.82374069990707       -1.38359792893131
C           -6.55210881129629        1.11772128812051       -0.10838402419138
O           -6.73162417427398        1.12010440526011       -2.53786003104706
N           -6.53184575672330        3.16028664925053       -1.44242002353905
C           -5.22328199646092        3.52365420855928       -1.74535565278529
C           -4.20027763998763        2.61381102202986       -1.98812274158469
C           -2.90652764800141        3.05417204005680       -2.21113522330677
C           -2.60828670264042        4.40814563652271       -2.20255783963183
O           -1.34682413229969        4.88769634616577       -2.41054389829283
C           -3.63138783418103        5.32550429483831       -1.98146059347344
C           -4.91757934232459        4.88700778853355       -1.75767357181327
H          -11.36443643991099        0.53805135756513       -1.27457909130950
H          -10.97426793432756        2.05862406792157       -2.11130526844064
H          -10.85275105316216        1.98194050574973       -0.35574507054029
H           -6.95626936315811        0.10907742974123       -0.06048511563352
H           -6.88396910935221        1.68819117025681        0.75538381935202
H           -5.46790497819421        1.07732225240616       -0.11130607398182
H           -7.17874284003513        0.25834126593920       -2.49532648797841
H           -7.23198749130656        3.83328484570335       -1.71193198371808
H           -4.41158206575150        1.55857726356564       -2.03790402851060
H           -2.12488944324870        2.32963071872378       -2.40047619692627
H           -0.74234493025192        4.15100055706478       -2.56204666882314
H           -3.39676746618136        6.37786502726625       -1.98761008354808
H           -5.70492201101036        5.60656185324942       -1.58540312972792
28
 energy: -47.254019736575 gnorm: 0.005279745556 xtb: 6.7.1 (edcfbbe)
C          -10.71921307946538        1.40970625706658       -1.26883621773010
C           -9.28353244584542        0.98889320135734       -1.40929537688737
O           -8.91417131035431       -0.14152169558755       -1.61579076932583
O           -8.46658162057106        2.03639099094867       -1.28729386169143
C           -7.03193325369395        1.82894697592447       -1.38131937505973
C           -6.56205680677264        1.10575891614841       -0.11224050779076
O           -6.72575740580404        1.14113305731889       -2.54357851227837
N           -6.52921849940770        3.16757226379789       -1.41677191499147
C           -5.21978377936494        3.52736436551120       -1.73111617531139
C           -4.19795719337906        2.61529271315091       -1.96571417976089
C           -2.90478498878364        3.05426253492953       -2.20013481062859
C           -2.60888162124111        4.40821844821760       -2.21013097027492
O           -1.34941285935795        4.88654972424426       -2.43160342508509
C           -3.63145692358393        5.32810758317901       -1.99442870047235
C           -4.91618768442549        4.89145853626018       -1.76001346417566
H          -11.35984267573912        0.53364641066385       -1.26181751514366
H          -10.98097632255381        2.05111012063491       -2.10811906388148
H          -10.84472630507607        1.98236444392667       -0.35324655335570
H           -6.97254234242412        0.09875424411923       -0.07894903453226
H           -6.89656174314600        1.66795119933149        0.75591147652663
H           -5.47798967897403        1.05794868843010       -0.10666700700367
H           -7.16790701382171        0.27692209854434       -2.51034214308796
H           -7.22794587385378        3.83579867778741       -1.71697876175897
H           -4.40757772922977        1.55931848456679       -2.00193656969332
H           -2.12461160039618        2.32687943827399       -2.38410509915294
H           -0.74546264891086        4.14839390978090       -2.57639755154252
H           -3.39541340811985        6.38011745858520       -2.01491471350487
H           -5.70519218570445        5.60979895288821       -1.59224720240585
28
 energy: -47.254056912207 gnorm: 0.003901978693 xtb: 6.7.1 (edcfbbe)
C          -10.71958748652998        1.40510079909931       -1.26678888444047
C           -9.28285878152789        0.98889520853054       -1.41191624308118
O           -8.91133605115747       -0.14112565590158       -1.61791465908836
O           -8.46822831240771        2.03908331318060       -1.29210154540630
C           -7.03186575168588        1.83360573130114       -1.38313076346154
C           -6.56821913557182        1.10336040718226       -0.11635120755492
O           -6.72434017878779        1.15262864591484       -2.54845252079505
N           -6.52871387462700        3.17270155037124       -1.40954011692721
C           -5.21893858358934        3.53135687844907       -1.72660319099465
C           -4.19803618836359        2.61766193633062       -1.95745561601893
C           -2.90502256547720        3.05471506621828       -2.19552534066112
C           -2.60817416367404        4.40803885422475       -2.21323074228707
O           -1.34712054643726        4.88121946296147       -2.44097076385143
C           -3.62934370103994        5.32967633805311       -1.99950197643144
C           -4.91395229212200        4.89490129604277       -1.76089156654436
H          -11.35586669567352        0.52611948879590       -1.25532229685720
H          -10.98901010389663        2.04398007862687       -2.10525083848510
H          -10.84294625845228        1.97756736605244       -0.35119455575144
H           -6.98284489816400        0.09825541425254       -0.08915376554448
H           -6.90515133003185        1.66301312384282        0.75190663940637
H           -5.48457278484981        1.05094657452769       -0.10532518491325
H           -7.15246427983490        0.28130719024041       -2.51266535211483
H           -7.22440416035362        3.84171387547003       -1.70149316976657
H           -4.40746822630623        1.56181420909256       -1.98718469505195
H           -2.12549035205511        2.32615280368356       -2.37719447183338
H           -0.74730511878594        4.13968684356953       -2.58335009596816
H           -3.39159946529321        6.38115741378263       -2.02569072362192
H           -5.70281771330436        5.61360378610499       -1.59578435195459
28
 energy: -47.254079827712 gnorm: 0.002447058215 xtb: 6.7.1 (edcfbbe)
C          -10.72067665099669        1.40536305794532       -1.26657342741929
C           -9.28414839777562        0.98987646272190       -1.41447737544825
O           -8.91353204859816       -0.13882280553775       -1.62689153237610
O           -8.46828535482784        2.03936628760108       -1.28939770877460
C           -7.03114380853684        1.83465836641143       -1.38076315602670
C           -6.56879580493095        1.09985439924483       -0.11630070429661
O           -6.72359779842289        1.15763493096008       -2.54871187897942
N           -6.52792281652155        3.17365207128861       -1.40125301679976
C           -5.21903854728424        3.53206852129838       -1.72256816413526
C           -4.19690422264449        2.61871819685262       -1.95086383399466
C           -2.90527860466258        3.05590477538308       -2.19224012259038
C           -2.60815138516912        4.40939659860605       -2.21585805594456
O           -1.34596363046688        4.87962381921795       -2.44793569514164
C           -3.62953612661775        5.33054894261749       -2.00417852840508
C           -4.91352486127632        4.89517770928201       -1.76250257973577
H          -11.35425059733473        0.52431881740131       -1.25473974074170
H          -10.99410620244308        2.04386777033393       -2.10351080034723
H          -10.84347205854245        1.97605812661649       -0.35026286855041
H           -6.98377517328188        0.09525346408753       -0.09399257129412
H           -6.90731928291553        1.65649303469003        0.75284370539497
H           -5.48567513650281        1.04723120187316       -0.10424007671469
H           -7.14817753115191        0.28419139676176       -2.51453425415055
H           -7.22237671584429        3.84184405033854       -1.69801448196014
H           -4.40471382732518        1.56247706473640       -1.97593073836071
H           -2.12433833918144        2.32847386566490       -2.37253104375479
H           -0.74784212226656        4.13631695698499       -2.58863214441987
H           -3.39350241918658        6.38232892805971       -2.03422266513739
H           -5.70162953529200        5.61526198855855       -1.59979453989585
28
 energy: -47.254096477467 gnorm: 0.001627916081 xtb: 6.7.1 (edcfbbe)
C          -10.72142368174736        1.40597261334951       -1.26621156010059
C           -9.28507629895489        0.99167944718006       -1.41817871332669
O           -8.91481448801971       -0.13481694791110       -1.64002913130006
O           -8.46835549865151        2.04001990473863       -1.28478767475586
C           -7.03046957125335        1.83588155367125       -1.37773521765034
C           -6.56886831377918        1.09583798888737       -0.11588493964060
O           -6.72315049923776        1.16325669241002       -2.54829053109966
N           -6.52739649446083        3.17449990228441       -1.39370736070751
C           -5.21947008336850        3.53249370939250       -1.71821268347059
C           -4.19583793010172        2.61937751137962       -1.94384097164925
C           -2.90590326111922        3.05677086439621       -2.18919076198108
C           -2.60864157530591        4.41065480034766       -2.21870685639133
O           -1.34529774949030        4.87741787302817       -2.45464132317868
C           -3.63031702200629        5.33118442114943       -2.00955886180992
C           -4.91378331143157        4.89500088940040       -1.76481411764556
H          -11.35307255092895        0.52316963809510       -1.25495681178699
H          -10.99841711243968        2.04513024014493       -2.10126052555340
H          -10.84350919290341        1.97462490114215       -0.34865451813903
H           -6.98307371340693        0.09095712436181       -0.09903642563503
H           -6.90923132435525        1.64829587029655        0.75507598115647
H           -5.48592494854603        1.04453425810143       -0.10280989384878
H           -7.14135141501332        0.28680193388887       -2.51476430237638
H           -7.22113504269140        3.84261845108838       -1.69398360986572
H           -4.40207507522812        1.56275409451294       -1.96463244925799
H           -2.12314820457955        2.33070399309363       -2.36757230196398
H           -0.74985124593743        4.13192012412774       -2.59381879671911
H           -3.39717850259434        6.38344709241088       -2.04342823422970
H           -5.70090489244791        5.61694905503182       -1.60444540707322
28
 energy: -47.254106522418 gnorm: 0.001716916953 xtb: 6.7.1 (edcfbbe)
C          -10.72125025420480        1.40669632580019       -1.26596745554981
C           -9.28491447018440        0.99404194488316       -1.42177607795895
O           -8.91432586988246       -0.12985685241996       -1.65497676352372
O           -8.46826845933964        2.04093133616884       -1.27851089342738
C           -7.03021175160239        1.83705257964237       -1.37415173613413
C           -6.56862730453421        1.09139779179357       -0.11532762400337
O           -6.72315966675846        1.17016373637222       -2.54789891733788
N           -6.52699683765327        3.17553246980981       -1.38562424037284
C           -5.21972322406870        3.53271802511188       -1.71378243368623
C           -4.19509604028742        2.61935511374358       -1.93652055966371
C           -2.90634330936622        3.05669860891522       -2.18559512693473
C           -2.60959723147047        4.41111267318761       -2.22175596438183
O           -1.34631474742015        4.87593346712531       -2.46145487012843
C           -3.63167336500202        5.33143131796438       -2.01600289907518
C           -4.91470819420446        4.89477062840656       -1.76767084699654
H          -11.35237196726058        0.52333008367288       -1.25562770565856
H          -11.00005621815464        2.04689963947915       -2.09978486545331
H          -10.84265547421109        1.97401457215622       -0.34735247183788
H           -6.98110868723867        0.08555719809684       -0.10428137381693
H           -6.91107246822397        1.63842953957158        0.75851462805075
H           -5.48548257669212        1.04224718613224       -0.10082507618977
H           -7.13535195375090        0.29035771332890       -2.51652344540224
H           -7.22030274941014        3.84363590901328       -1.68808759273409
H           -4.39998017715032        1.56222279213446       -1.95222873151986
H           -2.12247034692335        2.33109935757766       -2.36132359575310
H           -0.75262104330497        4.12890044751804       -2.59861647438016
H           -3.40170093966468        6.38425649790312       -2.05506089744507
H           -5.70129367203593        5.61820789691123       -1.60986398868566
28
 energy: -47.254113815031 gnorm: 0.001074718302 xtb: 6.7.1 (edcfbbe)
C          -10.72058106451528        1.40758965843447       -1.26662325444214
C           -9.28425262338812        0.99516703303954       -1.42357038298826
O           -8.91379161279243       -0.12743564029280       -1.66263929823544
O           -8.46783648265048        2.04068225708950       -1.27362402413527
C           -7.03033643604283        1.83717009128398       -1.37171028940059
C           -6.56769231803186        1.08890408690699       -0.11486127722738
O           -6.72354071832813        1.17380652694832       -2.54713356828439
N           -6.52681845081862        3.17590990564362       -1.38145864187736
C           -5.21971737466108        3.53271022361097       -1.71169954220958
C           -4.19518395493481        2.61900314084125       -1.93318400802646
C           -2.90646243650873        3.05609103588506       -2.18390442161922
C           -2.61053070134791        4.41052603537715       -2.22346422235326
O           -1.34834060954567        4.87609690948235       -2.46450049091747
C           -3.63293107141540        5.33103202959587       -2.01979357767954
C           -4.91581041525327        4.89471888292447       -1.76945784604945
H          -11.35280430561620        0.52516227594167       -1.25677530852165
H          -10.99845909422330        2.04833619949306       -2.10058781649551
H          -10.84145722217702        1.97512438797510       -0.34791228002263
H           -6.97808948973063        0.08205014693772       -0.10636938000458
H           -6.91160139281147        1.63276599220653        0.76052880543250
H           -5.48431215354596        1.04185050689632       -0.09946294510958
H           -7.13339527885329        0.29262859633256       -2.51762732507527
H           -7.22049462073868        3.84428971911914       -1.68231945593916
H           -4.39975705525502        1.56180068281770       -1.94668703093677
H           -2.12288521223942        2.32982388829343       -2.35798082062388
H           -0.75395835270427        4.12936332266064       -2.60031267698908
H           -3.40395648772896        6.38385472553654       -2.06201166922224
H           -5.70268206414160        5.61811537901918       -1.61293525104698
28
 energy: -47.254119664168 gnorm: 0.000957873607 xtb: 6.7.1 (edcfbbe)
C          -10.71983714830444        1.40948769337626       -1.26838496125486
C           -9.28365486265843        0.99618517461456       -1.42586352444885
O           -8.91425618134096       -0.12523422225542       -1.67243927237282
O           -8.46679400064421        2.03963729404766       -1.26675565513155
C           -7.02991880713000        1.83684176250875       -1.36791398226714
C           -6.56625838336047        1.08508645400153       -0.11356145629160
O           -6.72386302603057        1.17830527403743       -2.54592451765742
N           -6.52607395346505        3.17604602317572       -1.37436674240918
C           -5.21971113197212        3.53272475387806       -1.70862675315440
C           -4.19530923132990        2.61882131800390       -1.92851281125216
C           -2.90662700333963        3.05566149628355       -2.18169150643756
C           -2.61184987661375        4.40991756930888       -2.22621428851186
O           -1.35099125833424        4.87692171755145       -2.46976242368722
C           -3.63479853398235        5.33064629833989       -2.02504126331255
C           -4.91716865094204        4.89488135539214       -1.77163362025407
H          -11.35310112256204        0.52802720913730       -1.25864919016753
H          -10.99678524195299        2.05016000482367       -2.10277638100698
H          -10.84008302208313        1.97757639182427       -0.35000273912162
H           -6.97430570030020        0.07708339114742       -0.10938356984437
H           -6.91255150259670        1.62468093868963        0.76355630052984
H           -5.48279689845850        1.04060819198660       -0.09679851779159
H           -7.13205033525759        0.29603807955498       -2.51937064331898
H           -7.22044462312373        3.84487549228281       -1.67244701420555
H           -4.39924006022327        1.56151008275568       -1.93862314951935
H           -2.12356474662724        2.32848133124748       -2.35401341192412
H           -0.75481409986838        4.13103175874980       -2.60342591858370
H           -3.40609308448789        6.38332075877293       -2.07224444098095
H           -5.70473651301064        5.61781440676337       -1.61720654562253
28
 energy: -47.254123414454 gnorm: 0.001212443416 xtb: 6.7.1 (edcfbbe)
C          -10.71943391590341        1.41127676527068       -1.27052973816900
C           -9.28332357298218        0.99713204719184       -1.42705120696623
O           -8.91467390840604       -0.12354250645121       -1.67656965550789
O           -8.46600683597703        2.03905462128550       -1.26275017177715
C           -7.02931571022642        1.83653952037133       -1.36505632848409
C           -6.56562167449471        1.08135556721768       -0.11270666171019
O           -6.72352840066552        1.18127198164199       -2.54469813484839
N           -6.52503620707076        3.17584636553818       -1.36860386799820
C           -5.21961030424296        3.53261818312199       -1.70601447083725
C           -4.19507324053928        2.61885789274617       -1.92479786775725
C           -2.90664703513956        3.05565379942552       -2.18055259687405
C           -2.61296909371710        4.40971246367216       -2.22892889982544
O           -1.35302278032123        4.87805168134721       -2.47459312961463
C           -3.63642657629085        5.33049752434090       -2.02921063710777
C           -4.91812150603468        4.89500201603292       -1.77311283904634
H          -11.35316820243084        0.53017248185890       -1.25963594895117
H          -10.99575194424087        2.05054296843294       -2.10617818100869
H          -10.83941459584775        1.98099248217057       -0.35320184369816
H           -6.97226563227523        0.07284649155217       -0.11187248476849
H           -6.91381797000407        1.61783768537049        0.76544050288653
H           -5.48218473534687        1.03836186441414       -0.09454968165713
H           -7.13138020929418        0.29873390571985       -2.52018441173366
H           -7.22008102182813        3.84558583098486       -1.66289621277820
H           -4.39828874962174        1.56146321127501       -1.93229832098798
H           -2.12381217759635        2.32794082590435       -2.35165478487732
H           -0.75512500995476        4.13309024514760       -2.60644234632085
H           -3.40729152144237        6.38284712107715       -2.07967372651051
H           -5.70628646810552        5.61739496333942       -1.61975435307118
28
 energy: -47.254127479299 gnorm: 0.000410049770 xtb: 6.7.1 (edcfbbe)
C          -10.71948347497462        1.41194493607196       -1.27141196174010
C           -9.28341795745065        0.99713295698642       -1.42673106077194
O           -8.91491833715924       -0.12425675868591       -1.67499108263292
O           -8.46566466224919        2.03930923249878       -1.26365599740435
C           -7.02869017847847        1.83598431898872       -1.36461608848934
C           -6.56625900629743        1.08041166184656       -0.11211181910242
O           -6.72267976475559        1.18052684759579       -2.54423871400717
N           -6.52402556858152        3.17491782837186       -1.36732739796306
C           -5.21919999877978        3.53224697089179       -1.70566393358269
C           -4.19424029063515        2.61895965736044       -1.92455575349536
C           -2.90625216822004        3.05620937606020       -2.18087670944289
C           -2.61303864952693        4.41035674078682       -2.22973814813205
O           -1.35302712458008        4.87865074299858       -2.47619767965686
C           -3.63674308656673        5.33075928954709       -2.02974121735373
C           -4.91804309005826        4.89469635139874       -1.77297914157928
H          -11.35293076277372        0.53055885145801       -1.25957563823228
H          -10.99589155697093        2.04996342733955       -2.10799109082615
H          -10.83996596797504        1.98277404047486       -0.35485813471350
H           -6.97341823268621        0.07223768160211       -0.11225245313692
H           -6.91468684817564        1.61670963367128        0.76604090864614
H           -5.48289024568512        1.03690356801794       -0.09360250939236
H           -7.13345900097600        0.29974986866551       -2.52119067181793
H           -7.21963825258542        3.84599508947630       -1.65884104219178
H           -4.39684404885083        1.56145029257109       -1.93108736759858
H           -2.12292439629653        2.32903265900634       -2.35192950317814
H           -0.75503475385119        4.13372827226410       -2.60764695457360
H           -3.40793414791166        6.38320862864535       -2.08068567146198
H           -5.70637742694847        5.61697583409002       -1.61962116616946
