13
 energy: -23.837471538068 gnorm: 0.076394422857 xtb: 6.7.1 (edcfbbe)
O            0.00000000000000        0.67870000000000       -0.00040000000000
O            1.30550000000000       -1.24450000000000       -0.00130000000000
O           -1.30550000000000       -1.24450000000000        0.00150000000000
C            1.16870000000000       -0.02870000000000       -0.00150000000000
C           -1.16870000000000       -0.02870000000000        0.00100000000000
C            2.31950000000000        0.93390000000000        0.00170000000000
C           -2.31960000000000        0.93380000000000       -0.00110000000000
H            3.25990000000000        0.37510000000000       -0.00780000000000
H            2.28800000000000        1.54670000000000        0.90610000000000
H            2.28030000000000        1.56230000000000       -0.89170000000000
H           -2.28150000000000        1.55980000000000        0.89390000000000
H           -3.25990000000000        0.37500000000000        0.00550000000000
H           -2.28700000000000        1.54900000000000       -0.90390000000000
13
 energy: -23.842122168279 gnorm: 0.025386409005 xtb: 6.7.1 (edcfbbe)
O           -0.00001864536150        0.63233752239237       -0.00022486956984
O            1.31981845724311       -1.23540854119781       -0.00137719318869
O           -1.31980974545789       -1.23544060287269        0.00133954495461
C            1.19103472461479       -0.03855472649764        0.00035993109727
C           -1.19105068363622       -0.03858077591004       -0.00039248186248
C            2.32913793192958        0.93216247610273        0.00136466323641
C           -2.32921235748745        0.93208023966860       -0.00096790999624
H            3.26958474366368        0.38412702167668       -0.00790390195669
H            2.27399736626065        1.55521562212163        0.89143436289458
H            2.26478808410731        1.57044957003849       -0.87730695062775
H           -2.26624058347829        1.56797418787110        0.87949094802849
H           -3.26961383801247        0.38398360385997        0.00547454888538
H           -2.27271545438530        1.55755440274662       -0.88929069189505
13
 energy: -23.843031554359 gnorm: 0.010355082710 xtb: 6.7.1 (edcfbbe)
O           -0.00002382198435        0.59438250903941       -0.00033727453099
O            1.33003906039793       -1.24517537316844       -0.00174803916257
O           -1.33001970974974       -1.24522087037702        0.00170616839181
C            1.20817323529930       -0.05291838541057       -0.00159740180804
C           -1.20819103761333       -0.05295714442463        0.00132929563033
C            2.32627667811534        0.93668456384896        0.00118778875534
C           -2.32633749985888        0.93660721354720       -0.00079781622546
H            3.27024109174477        0.40230509740588       -0.00699683337230
H            2.25216138321597        1.56559950633339        0.88449895904495
H            2.24395366467653        1.58047687387937       -0.87044002164746
H           -2.24531647054917        1.57813432110973        0.87265193392850
H           -3.27029009978765        0.40215822965695        0.00487771629421
H           -2.25096647390673        1.56782345855977       -0.88233447529834
13
 energy: -23.843185284107 gnorm: 0.003980524700 xtb: 6.7.1 (edcfbbe)
O           -0.00002610065482        0.57751542479648       -0.00018017402401
O            1.33855423843371       -1.25527074559562       -0.00130828093178
O           -1.33853655276443       -1.25531681107443        0.00114404299403
C            1.21508350313142       -0.06198853509457        0.00086403385359
C           -1.21510630793166       -0.06203092849805       -0.00090809556256
C            2.31939728995800        0.94012386926871        0.00118533903753
C           -2.31945534162856        0.94004490336663       -0.00083635508503
H            3.27117690900104        0.42017241641450       -0.00758146608333
H            2.23495671070235        1.56914007684938        0.88381154530696
H            2.22499216579129        1.58323197445215       -0.87018949244207
H           -2.22652513045394        1.58089963194795        0.87237352483678
H           -3.27122966531923        0.42003071646455        0.00529913594349
H           -2.23358171826519        1.57134800670233       -0.88167375784359
13
 energy: -23.843239894508 gnorm: 0.002071427751 xtb: 6.7.1 (edcfbbe)
O           -0.00002438790601        0.56531444435448       -0.00015461416833
O            1.34603694922453       -1.26396906899578       -0.00202521231972
O           -1.34601998756926       -1.26401734145983        0.00182964889079
C            1.21882241130633       -0.07004158419153       -0.00227277826910
C           -1.21884537078230       -0.07008397052192        0.00213416961347
C            2.31072754327243        0.94284997884247        0.00112624811205
C           -2.31078865108030        0.94276999943399       -0.00074306188597
H            3.27137975941050        0.43857371352232       -0.00655484998245
H            2.21559538544844        1.57005827066375        0.88444277098916
H            2.20765282116269        1.58403908806641       -0.87086691414704
H           -2.20917240764424        1.58179164915216        0.87303952352629
H           -3.27142875859814        0.43843631268531        0.00435491078721
H           -2.21423530624468        1.57217850844817       -0.88230984114634
13
 energy: -23.843248804761 gnorm: 0.001588491749 xtb: 6.7.1 (edcfbbe)
O           -0.00002386389971        0.56337617588354       -0.00009026941626
O            1.34748500335572       -1.26575434434360       -0.00135077597520
O           -1.34746909810521       -1.26580016045409        0.00111312714777
C            1.21857818429820       -0.07206352390281        0.00087483734942
C           -1.21860281900248       -0.07210578846067       -0.00095630506383
C            2.30759353399326        0.94334441455412        0.00118576821952
C           -2.30765467579622        0.94326277420119       -0.00080815567138
H            3.27070592935519        0.44396423202376       -0.00733659795031
H            2.21125617148079        1.56980887831125        0.88460123809567
H            2.20132431285813        1.58318010328333       -0.87145572457240
H           -2.20287055096145        1.58093983929963        0.87361018768179
H           -3.27075841681353        0.44382928665705        0.00509835518752
H           -2.20986371076271        1.57191811294731       -0.88248568503231
13
 energy: -23.843251539147 gnorm: 0.000504064935 xtb: 6.7.1 (edcfbbe)
O           -0.00002372205363        0.56242624958164       -0.00002671146508
O            1.34809258014806       -1.26646230305064       -0.00173159798425
O           -1.34807556687111       -1.26651079016210        0.00144194471752
C            1.21790857199171       -0.07327268673726       -0.00085226507127
C           -1.21793320343747       -0.07331581378706        0.00082531680996
C            2.30586976617693        0.94352157802933        0.00111206843612
C           -2.30593215478310        0.94343939084877       -0.00074211252642
H            3.27002674470447        0.44676977390619       -0.00671714044702
H            2.20750494225789        1.56955933117884        0.88452641213278
H            2.19893896523545        1.58284028476457       -0.87155475907395
H           -2.20049766391144        1.58061349724385        0.87368727233417
H           -3.27008007542454        0.44663669669265        0.00446333592916
H           -2.20609918403323        1.57165479149124       -0.88243176379171
