15
 energy: -23.396629010874 gnorm: 0.051800883468 xtb: 6.7.1 (edcfbbe)
O           -2.76200000000000       -0.00020000000000        0.00000000000000
N            2.79910000000000       -0.00010000000000       -0.00020000000000
C            1.38870000000000        0.00020000000000        0.00010000000000
C            0.69150000000000       -1.20790000000000        0.00020000000000
C            0.69110000000000        1.20820000000000        0.00010000000000
C           -1.40100000000000       -0.00010000000000       -0.00010000000000
C           -0.70340000000000       -1.20800000000000       -0.00010000000000
C           -0.70380000000000        1.20790000000000        0.00000000000000
H            1.22360000000000       -2.15570000000000        0.00020000000000
H            1.22290000000000        2.15610000000000        0.00000000000000
H           -1.23490000000000       -2.15590000000000       -0.00010000000000
H           -1.24170000000000        2.15210000000000        0.00000000000000
H            3.30500000000000       -0.87580000000000        0.00040000000000
H            3.30550000000000        0.87530000000000        0.00030000000000
H           -3.07710000000000       -0.92050000000000        0.00000000000000
15
 energy: -23.399032926556 gnorm: 0.023987025847 xtb: 6.7.1 (edcfbbe)
O           -2.76020288398619        0.01319136905536       -0.00004972393699
N            2.78232754717532        0.00133536736299       -0.00033303205410
C            1.40013588964088       -0.00126912684374       -0.00002564095028
C            0.69832756974359       -1.20469645899433        0.00006990834492
C            0.69031059500662        1.19856015365514        0.00003922898492
C           -1.39167228083815       -0.00613106754073        0.00003006932000
C           -0.68646549985953       -1.20499435697272        0.00002004292646
C           -0.69432169386599        1.19553738878295        0.00001864731465
H            1.23038214402095       -2.14536135874875        0.00002704132912
H            1.21746086497889        2.14171706672431       -0.00000224913690
H           -1.21756694562591       -2.14743655089410        0.00001781571758
H           -1.23907599133941        2.12888529964525       -0.00004128195208
H            3.28476183619596       -0.86556169891589        0.00055207246127
H            3.28177471731359        0.86985284324219        0.00047627480571
H           -3.09267586856062       -0.89802886955794        0.00000082682572
15
 energy: -23.399439410764 gnorm: 0.004021618552 xtb: 6.7.1 (edcfbbe)
O           -2.76176406082467        0.02352023951192       -0.00001150674091
N            2.77648639434095        0.00326883983824       -0.00055788442836
C            1.41195518083171       -0.00198945748186       -0.00007982636854
C            0.70158595116390       -1.20360732786149       -0.00001744002524
C            0.68987761165083        1.19362975058347       -0.00003901620633
C           -1.38791230086692       -0.01215190210509        0.00000263953822
C           -0.67895581376625       -1.20633626167747        0.00002511130697
C           -0.68977676653131        1.18810708800595       -0.00000795848386
H            1.23562447169787       -2.14083695328944       -0.00000184397957
H            1.21607306449111        2.13517107194025       -0.00005146817035
H           -1.21044884176465       -2.14717100476787        0.00006627129775
H           -1.24261117774380        2.11440433622267        0.00004617993109
H            3.27916903135928       -0.86060975997891        0.00072235754412
H            3.27309238063211        0.87058596150198        0.00067127964448
H           -3.10889512467016       -0.88038462044235        0.00003310514054
15
 energy: -23.399462198738 gnorm: 0.001754096225 xtb: 6.7.1 (edcfbbe)
O           -2.76278447548859        0.02583972074067        0.00004995153306
N            2.77856049253129        0.00381510201239       -0.00077386418552
C            1.41384073042751       -0.00216331237184       -0.00016785654245
C            0.70115660786169       -1.20360269010955       -0.00006251773047
C            0.68931745131241        1.19327736260439       -0.00007901943327
C           -1.38839192301099       -0.01378689222393        0.00002358876788
C           -0.67973253155187       -1.20785356016305        0.00001869172235
C           -0.69008104584230        1.18730083865494        0.00000208163918
H            1.23661607660457       -2.14080858468931       -0.00007198645942
H            1.21647735629955        2.13509238015405       -0.00010585678655
H           -1.21062243441526       -2.14952108141395        0.00007559844124
H           -1.24530447060404        2.11255518920946        0.00004255634631
H            3.28271090257090       -0.86031645847771        0.00090733273570
H            3.27540006059046        0.87209769044628        0.00086600552439
H           -3.11366279728533       -0.87632570437284        0.00007529442757
15
 energy: -23.399467361055 gnorm: 0.001071117467 xtb: 6.7.1 (edcfbbe)
O           -2.76300808272489        0.02875423948554        0.00020635562783
N            2.78021551954736        0.00427949324637       -0.00145105564833
C            1.41495853482742       -0.00246154365274       -0.00035235727343
C            0.70062507125259       -1.20342876214815       -0.00017461212285
C            0.68869405468107        1.19308526920622       -0.00018489920157
C           -1.38852847625914       -0.01581161773893        0.00004989498282
C           -0.68079016626810       -1.20982557115187       -0.00000719524204
C           -0.69017988323536        1.18652611253865       -0.00001430184313
H            1.23793421014073       -2.14058177566935       -0.00025225392997
H            1.21735116779065        2.13503738361084       -0.00026414155757
H           -1.20996923931499       -2.15283583276655        0.00009984373887
H           -1.24848195537254        2.11027885921968        0.00008717191525
H            3.28635308495388       -0.85961068846802        0.00144238906866
H            3.27727021165915        0.87335847002422        0.00141196373421
H           -3.11894405167782       -0.87116403573593        0.00020319775123
15
 energy: -23.399468764815 gnorm: 0.000302609345 xtb: 6.7.1 (edcfbbe)
O           -2.76252206873335        0.02843325300083        0.00028768934973
N            2.77949108694761        0.00415099677947       -0.00192518496465
C            1.41434703185815       -0.00250782488361       -0.00048900197653
C            0.70084158141461       -1.20345643716643       -0.00025205949495
C            0.68888239826701        1.19320777111197       -0.00025498448270
C           -1.38829661241417       -0.01554014762761        0.00008198610783
C           -0.68058329357663       -1.20953413859433       -0.00000939312002
C           -0.68997969832231        1.18664332604131       -0.00000572204299
H            1.23776593544101       -2.14056083243809       -0.00034796553311
H            1.21735672721314        2.13496664669047       -0.00035694211037
H           -1.20961013833582       -2.15241375416459        0.00011922765585
H           -1.24798361307384        2.11040450691194        0.00012263596037
H            3.28545976200026       -0.85946266803647        0.00179960651934
H            3.27641090876731        0.87294902309950        0.00176378883819
H           -3.11808000745298       -0.87167972072436        0.00026631929402
