20
 energy: -32.795113874004 gnorm: 0.051454564411 xtb: 6.7.1 (edcfbbe)
O            3.85090000000000        0.45160000000000        0.00120000000000
O           -2.59990000000000        1.40410000000000       -0.00180000000000
N           -1.57050000000000       -0.71710000000000        0.00010000000000
C           -0.20660000000000       -0.42310000000000       -0.00020000000000
C            0.22050000000000        0.90470000000000        0.00040000000000
C            0.72980000000000       -1.45700000000000       -0.00070000000000
C            1.58410000000000        1.19860000000000        0.00020000000000
C            2.09330000000000       -1.16290000000000       -0.00070000000000
C            2.52040000000000        0.16480000000000       -0.00030000000000
C           -2.64850000000000        0.17820000000000        0.00090000000000
C           -3.97350000000000       -0.54200000000000        0.00100000000000
H           -0.44360000000000        1.75770000000000        0.00120000000000
H            0.41130000000000       -2.49630000000000       -0.00100000000000
H           -1.80100000000000       -1.70860000000000        0.00010000000000
H            1.90530000000000        2.23700000000000        0.00090000000000
H            2.81800000000000       -1.97260000000000       -0.00080000000000
H           -4.06550000000000       -1.14630000000000       -0.90580000000000
H           -4.79040000000000        0.18440000000000        0.02880000000000
H           -4.04450000000000       -1.18860000000000        0.88020000000000
H            3.96500000000000        1.41760000000000        0.00170000000000
20
 energy: -32.798753500159 gnorm: 0.023072929916 xtb: 6.7.1 (edcfbbe)
O            3.85714946595518        0.42753500900318        0.00077897620993
O           -2.57707909709722        1.38046246752003       -0.00110615001112
N           -1.57993509281282       -0.70133922258614        0.00018600421923
C           -0.21417091949386       -0.39709762376090        0.00001153016440
C            0.22965538172769        0.92046626014043        0.00048274884025
C            0.72102609019910       -1.43002064172962       -0.00047056157567
C            1.58643208324691        1.19928892409670        0.00055022501961
C            2.07806319517690       -1.15078654332359       -0.00057191896946
C            2.51922433744200        0.16755646020331        0.00019803818771
C           -2.64712858021565        0.16090806311055        0.00043255406018
C           -3.97173650017333       -0.56103692278266        0.00153969052613
H           -0.45297593794704        1.75343814000551        0.00090538637047
H            0.39775407161844       -2.46155934055954       -0.00086536883652
H           -1.80504368136999       -1.68862761097092       -0.00077579198011
H            1.91277068892332        2.22965266803119        0.00085133246118
H            2.79909287269499       -1.95530662114318       -0.00083852912133
H           -4.07005438270191       -1.16361511357510       -0.89914438906862
H           -4.77491546494877        0.17226106814852        0.02768395223079
H           -4.04954120101867       -1.20628849336864        0.87422747695224
H            3.99601267079472        1.38830907354087        0.00132479432073
20
 energy: -32.799625423720 gnorm: 0.006484101625 xtb: 6.7.1 (edcfbbe)
O            3.86584013173375        0.39943902157541        0.00060991823743
O           -2.58129370558004        1.36789772068065       -0.00036247717022
N           -1.58645770814050       -0.68458233484595        0.00035881049892
C           -0.21997708149242       -0.36829436284978       -0.00038707501812
C            0.24196398303899        0.94280970888415        0.00026878205638
C            0.70930975095418       -1.40659137850046       -0.00078334938084
C            1.59676973127216        1.20673803520385        0.00059626208825
C            2.06387249610334       -1.14288585913166       -0.00038550462756
C            2.52163717622549        0.17008651837783        0.00031811893694
C           -2.65363539172572        0.14732313164066        0.00113340970598
C           -3.97560580868019       -0.58239174135041        0.00161892184821
H           -0.45600600549336        1.76154177216955        0.00068733560260
H            0.37552596386697       -2.43237303177823       -0.00112493796311
H           -1.79728179137431       -1.67347123353933       -0.00035478188707
H            1.93157651819979        2.23232703693217        0.00109859700173
H            2.78171706434650       -1.94642574112058       -0.00072320694819
H           -4.07050361779592       -1.18494846104120       -0.89683162687249
H           -4.77648864161369        0.15005093799747        0.02641448104629
H           -4.05072854377394       -1.22683448363135        0.87213562668005
H            4.03436547992890        1.35478474432720        0.00111269616484
20
 energy: -32.799771910633 gnorm: 0.003717742114 xtb: 6.7.1 (edcfbbe)
O            3.86898731370507        0.38446725119224        0.00051078967096
O           -2.59713014306051        1.36969646657202        0.00014854112567
N           -1.58672022046883       -0.67554639177366        0.00032124683058
C           -0.22110366892494       -0.35410930438290       -0.00015444240992
C            0.24732732679260        0.95532538305279        0.00038417837664
C            0.70286584070613       -1.39766488854055       -0.00063512909397
C            1.60399906297107        1.21219810529478        0.00059965779781
C            2.05791888986299       -1.14140497559523       -0.00046371544363
C            2.52310481004748        0.17012512573120        0.00022524858625
C           -2.66047598418630        0.14659240444234        0.00095733744044
C           -3.97779710796264       -0.59306382447358        0.00156366491545
H           -0.45382009522604        1.77202162744145        0.00063454800580
H            0.36158215515802       -2.42132497392796       -0.00116946957539
H           -1.78670622874036       -1.66743095828678       -0.00046042816256
H            1.94474120339087        2.23647663864744        0.00111075260824
H            2.77399795143506       -1.94670768247827       -0.00075418050583
H           -4.06714954531354       -1.19705841470510       -0.89686638977187
H           -4.78447143428907        0.13296168369859        0.02594178408776
H           -4.04746723679595       -1.23812612174856        0.87244420808221
H            4.05291711089887        1.33677284983975        0.00106179743537
20
 energy: -32.799835953753 gnorm: 0.002056985228 xtb: 6.7.1 (edcfbbe)
O            3.86894920644718        0.37205006424770        0.00041347305895
O           -2.61115528514136        1.37355950220879        0.00085095904612
N           -1.58615738357737       -0.66735688366554        0.00046869705923
C           -0.22178013426228       -0.34296443513047       -0.00016550620411
C            0.25004222718493        0.96534952141666        0.00038584969881
C            0.69713922448320       -1.39175950030395       -0.00071811049756
C            1.60898935234173        1.21681299854553        0.00056769959935
C            2.05277179345591       -1.14108222630953       -0.00056635370888
C            2.52275040345670        0.16976752843035        0.00016549514691
C           -2.66581473029208        0.14881639518290        0.00148589587929
C           -3.97764380825535       -0.60122093684392        0.00134078739404
H           -0.45190768426498        1.78242694225735        0.00077921843493
H            0.34893999576778       -2.41358937843643       -0.00116041907197
H           -1.77597825862564       -1.66184375461185       -0.00036624373198
H            1.95523606794407        2.24000339626559        0.00107597914587
H            2.76778239792532       -1.94798215499113       -0.00091897314664
H           -4.06035116549569       -1.20740420747999       -0.89699875924167
H           -4.79218790903149        0.11656083772220        0.02489070437679
H           -4.04144428162391       -1.24704904185338        0.87288579700420
H            4.06641997156332        1.32110533334912        0.00098380975834
20
 energy: -32.799846049075 gnorm: 0.001187328573 xtb: 6.7.1 (edcfbbe)
O            3.86804117030657        0.36790533021232        0.00030381315113
O           -2.61551315860287        1.37533674954309        0.00124835430812
N           -1.58645212293700       -0.66375168633043        0.00043745763054
C           -0.22229612187134       -0.33932845654649       -0.00000272246222
C            0.25044605198999        0.96839624385819        0.00052291509891
C            0.69489312302029       -1.38994775316676       -0.00064464763516
C            1.61020485113484        1.21804708021114        0.00058675618402
C            2.05062404393830       -1.14111008086207       -0.00061811031690
C            2.52197735459082        0.16947170223393        0.00009047016998
C           -2.66755766166601        0.15072162847790        0.00138453532727
C           -3.97648853615060       -0.60408799982545        0.00127133734664
H           -0.45021366434769        1.78675676315990        0.00091185872897
H            0.34431380682417       -2.41091497866210       -0.00119488836820
H           -1.77325738983312       -1.65869721254456       -0.00047959199155
H            1.95854618372803        2.24057514461666        0.00109013035671
H            2.76516151083162       -1.94851898102540       -0.00105107516620
H           -4.05586339463130       -1.21143145870662       -0.89671474004204
H           -4.79496372882380        0.10928235998580        0.02423656919173
H           -4.03739514161118       -1.25005107522978        0.87310393150423
H            4.07039282411026        1.31554668060072        0.00091764698405
20
 energy: -32.799849564888 gnorm: 0.000438758798 xtb: 6.7.1 (edcfbbe)
O            3.86721508427610        0.36512208575751        0.00011712676861
O           -2.61835519848887        1.37711310437892        0.00186700079307
N           -1.58722131215712       -0.66048755727604        0.00055994693697
C           -0.22292421714370       -0.33686256419363       -0.00001799327603
C            0.25048262295325        0.97018002220038        0.00061531043375
C            0.69311023855118       -1.38861723110181       -0.00077091773880
C            1.61082018731795        1.21853009067874        0.00064611188101
C            2.04883995142310       -1.14118260319438       -0.00073911975361
C            2.52122583201440        0.16908210421220        0.00003812663096
C           -2.66901364266991        0.15304207247027        0.00182809084803
C           -3.97505087714116       -0.60639956422477        0.00110769195171
H           -0.44771535155715        1.79063091245778        0.00119927053912
H            0.34089117325469       -2.40881460145292       -0.00125698548636
H           -1.77283840379263       -1.65537722727963       -0.00047850069844
H            1.96072971737312        2.24034638077958        0.00116132134213
H            2.76269307205283       -1.94909034775803       -0.00127239568172
H           -4.05058211484409       -1.21516693321303       -0.89621026125650
H           -4.79737357720451        0.10241263645650        0.02279325135431
H           -4.03335744657270       -1.25191656709747        0.87342581325936
H            4.07302426235521        1.31165578739983        0.00078711115244
