8
 energy: -14.470446748532 gnorm: 0.037604186831 xtb: 6.7.1 (edcfbbe)
O           -0.30350000000000        1.28900000000000       -0.00020000000000
O           -0.98000000000000       -0.88780000000000       -0.00020000000000
C            1.37430000000000       -0.35160000000000       -0.00020000000000
C           -0.09070000000000       -0.04960000000000        0.00060000000000
H            1.83680000000000        0.05700000000000       -0.90210000000000
H            1.84000000000000        0.06760000000000        0.89520000000000
H            1.52070000000000       -1.43560000000000        0.00640000000000
H           -1.25980000000000        1.50810000000000       -0.00080000000000
8
 energy: -14.471865459156 gnorm: 0.013827890231 xtb: 6.7.1 (edcfbbe)
O           -0.30581658608396        1.27542281605606       -0.00029336662521
O           -0.97960277403848       -0.86093956510425       -0.00016995233765
C            1.37496948581081       -0.36424693104884       -0.00001910228840
C           -0.08530384671497       -0.04412349151473       -0.00078967952556
H            1.83533539938468        0.06518032450906       -0.88643705546688
H            1.83769973221842        0.07693637638903        0.87944819988706
H            1.51921933876442       -1.44361537162241        0.00673945145984
H           -1.25870074934090        1.49248584233608        0.00022150489680
8
 energy: -14.472023638559 gnorm: 0.004909843465 xtb: 6.7.1 (edcfbbe)
O           -0.30647238853017        1.26751792959184       -0.00004204390995
O           -0.98410347326575       -0.85101036723834        0.00007808798765
C            1.37653831105240       -0.36836223061354        0.00021102229456
C           -0.08310251679457       -0.04145764164122        0.00153570215184
H            1.83624144187334        0.06984221763068       -0.88127889546412
H            1.84003649828435        0.07964013439652        0.87462731502022
H            1.51627195883548       -1.44428567042717        0.00542197928417
H           -1.25760983145508        1.48521562830123       -0.00185316736436
8
 energy: -14.472031739154 gnorm: 0.001851975985 xtb: 6.7.1 (edcfbbe)
O           -0.30682485233519        1.26684464640946       -0.00039940352293
O           -0.98460161621326       -0.85114114736017       -0.00010007257275
C            1.37697439895852       -0.36863195870725        0.00001102591791
C           -0.08259209520322       -0.04047055037581       -0.00186625124499
H            1.83754503445474        0.06838791189020       -0.88190238198043
H            1.83919134462448        0.08088774586068        0.87481067466697
H            1.51604169068974       -1.44409822567988        0.00710823626759
H           -1.25793390497581        1.48532157796278        0.00103817246863
8
 energy: -14.472032140166 gnorm: 0.002039936342 xtb: 6.7.1 (edcfbbe)
O           -0.30756074793945        1.26663164490571        0.00004129085447
O           -0.98404023354027       -0.85234875472361        0.00017277597000
C            1.37732231701479       -0.36847591348546        0.00025004830791
C           -0.08209613630693       -0.03910544900708        0.00239744884409
H            1.83660432468792        0.06945169351632       -0.88250912535752
H            1.84089855498381        0.07850094157290        0.87597269463200
H            1.51543495353944       -1.44385417961121        0.00497973046681
H           -1.25876303243931        1.48630001683242       -0.00260486371777
8
 energy: -14.472034722982 gnorm: 0.000783783108 xtb: 6.7.1 (edcfbbe)
O           -0.30762299895922        1.26684009995011       -0.00014508871524
O           -0.98351045818080       -0.85249766270956        0.00008879345911
C            1.37715090681245       -0.36828003099144        0.00015470965344
C           -0.08228844777546       -0.03928468077540        0.00078880095469
H            1.83720402916883        0.06872306403896       -0.88244492782119
H            1.84049401251063        0.07904948737910        0.87571601125026
H            1.51518578136746       -1.44389421775130        0.00577012782268
H           -1.25881282494390        1.48644394085952       -0.00122842660375
