14
 energy: -23.789518713245 gnorm: 0.336315173507 xtb: 6.7.1 (edcfbbe)
O           -0.04662763130000        0.24508223370000       -0.71591203050000
O            1.60272028800000       -1.30565632050000       -0.38819223630000
O           -1.88644340970000       -1.10972647700000       -0.69705358660000
C            1.02732942690000       -0.12980090430000        0.09874848420000
C           -1.20608687420000       -0.10003416380000       -0.01292152110000
C            2.06486421770000        0.98102505850000        0.16829846130000
C           -2.10721385060000        1.10685370960000        0.20656020110000
H            2.89628774730000        0.68292209420000        0.84140027680000
H            1.60801348510000        1.90646768040000        0.57757344140000
H            2.48234978330000        1.20176245270000       -0.83741814380000
H           -1.56718644750000        1.88279050910000        0.78833116450000
H           -3.00515929730000        0.80860608320000        0.78808778890000
H           -2.43557377680000        1.54567878180000       -0.75969333060000
H           -1.80885466100000       -1.90747573760000       -0.11465896920000
14
 energy: -23.888682260056 gnorm: 0.218226922368 xtb: 6.7.1 (edcfbbe)
O           -0.05590013960673        0.24524337225872       -0.70821148223129
O            1.55134361783433       -1.31866819401048       -0.31383269983606
O           -1.87996957545134       -1.12963261300552       -0.66674463539149
C            1.11527106400997       -0.12869746363768       -0.03933935849889
C           -1.26109059937224       -0.04879982113551       -0.13442361161023
C            2.07342838317125        0.99676144624869        0.19738625700658
C           -2.10527451469455        1.10562059543705        0.24310883505938
H            2.89587698953987        0.68124040577642        0.84337378524469
H            1.60358440208139        1.90549746608779        0.58350349625187
H            2.47306484697742        1.19980446662998       -0.80945004871725
H           -1.56269270759377        1.88426753000189        0.78829556760663
H           -3.00540552668331        0.80383210858141        0.78804600497549
H           -2.42480255884386        1.53313936996284       -0.73045315531678
H           -1.79901468146842       -1.92111366919559       -0.09810895444266
14
 energy: -23.919964155542 gnorm: 0.281596714360 xtb: 6.7.1 (edcfbbe)
O           -0.07283135856843        0.25393384329764       -0.58837474525988
O            1.52866915045285       -1.22898131236852       -0.30656417690082
O           -1.86069862437083       -1.10498871161919       -0.59880249386461
C            1.21952421169796       -0.19382676155213       -0.12850759342954
C           -1.32010377571703       -0.00681974447609       -0.21880927792126
C            2.05624149176394        0.98011731069213        0.21178622490383
C           -2.09287636163166        1.08880344600296        0.25126597110270
H            2.88228777664168        0.67731386144029        0.83197021151368
H            1.58588094649677        1.87765198592015        0.57529757782313
H            2.45802910364157        1.19671362968726       -0.78772324008921
H           -1.55537046325954        1.87714637163220        0.75909754841162
H           -2.99938101658281        0.80486236427245        0.76522749067725
H           -2.41330243169559        1.52172782250822       -0.72323711932069
H           -1.79764964896886       -1.93515910543735       -0.09947637754621
14
 energy: -23.938932140092 gnorm: 0.111547774132 xtb: 6.7.1 (edcfbbe)
O           -0.09161814221521        0.30248717111682       -0.58934458714748
O            1.46960391548172       -1.36252013443515       -0.21786084688629
O           -1.86098946274736       -1.09487264951401       -0.58068994173577
C            1.24405843579579       -0.14928004089222       -0.18644918876952
C           -1.31219480709277        0.00390948318549       -0.23863834251545
C            2.07591800103654        0.99504530631125        0.18667185180972
C           -2.10137686611505        1.08596488790916        0.24577068539399
H            2.87918210101207        0.67553115048724        0.83581645901224
H            1.57321652163408        1.86842866951793        0.57669134025919
H            2.49513259858616        1.24498967280938       -0.79164443149758
H           -1.55020233148039        1.86169622089784        0.76218095372327
H           -3.00043600872276        0.78436585441091        0.76757354400880
H           -2.43714529823191        1.54458059494656       -0.70712992498070
H           -1.76472965704092       -1.95183118675121       -0.11979757057441
14
 energy: -23.948607284561 gnorm: 0.063730751461 xtb: 6.7.1 (edcfbbe)
O           -0.07860302229258        0.34056488242521       -0.56406308399504
O            1.46673137653917       -1.34848616449416       -0.25169689860025
O           -1.85525525605094       -1.12279707820530       -0.54046217806044
C            1.23251690413929       -0.17440751909727       -0.16644237445017
C           -1.31525875854032        0.02726821416319       -0.26055965238282
C            2.07932870074584        0.96102900892417        0.17591737858696
C           -2.12907935881394        1.11477290567050        0.22477235705154
H            2.88145777604064        0.65097102562762        0.83675839270335
H            1.54351495914064        1.81797784152020        0.57203699952774
H            2.52119287780795        1.26308979606446       -0.78410630402834
H           -1.55790994957973        1.87580154662046        0.74602947649792
H           -3.01160976971117        0.78993376124539        0.76411783195784
H           -2.49166049757817        1.59875314822889       -0.70350345329419
H           -1.66694698194667       -1.98597636869331       -0.10564849141410
14
 energy: -23.957652099653 gnorm: 0.082365584526 xtb: 6.7.1 (edcfbbe)
O           -0.08864415553581        0.39462819700638       -0.47474432753181
O            1.40464322919613       -1.35392916267430       -0.23108180492899
O           -1.86845625505954       -1.09445825763238       -0.45495832815808
C            1.23480227582187       -0.20901162360769       -0.15932659624058
C           -1.31795992907159        0.04503684211662       -0.24841662844272
C            2.09156769230808        0.92178943714670        0.14739943320145
C           -2.16363405283984        1.13963013616052        0.18917588223183
H            2.89165317140683        0.62958217432867        0.82267319364554
H            1.51956363619184        1.75945806334980        0.54550998037882
H            2.56028117274205        1.28527455118165       -0.78413566337707
H           -1.57196957876887        1.88171089548508        0.71748548785208
H           -3.02420580643491        0.78195534185399        0.74677806781139
H           -2.55961150032040        1.65793946443498       -0.70178663453978
H           -1.48961089973579       -2.03111105914995       -0.17142206180211
14
 energy: -23.964074163478 gnorm: 0.050513187604 xtb: 6.7.1 (edcfbbe)
O           -0.08143007641709        0.44608178961793       -0.41555678375067
O            1.31990787599501       -1.37668227993135       -0.19817527269140
O           -1.80622890093748       -1.09571026460561       -0.42790766917061
C            1.24438278798557       -0.20801382091599       -0.15583142426434
C           -1.31238588525659        0.06561264213520       -0.25930895123908
C            2.12465222272558        0.90434929780019        0.12700587566655
C           -2.20818368953619        1.14737485335011        0.15784407623759
H            2.92562666803484        0.60128243157510        0.79641045049658
H            1.55136066966791        1.73162919593230        0.54170450864419
H            2.58426929082996        1.28895630499476       -0.79435515450355
H           -1.62977656039734        1.87321176086326        0.72211720363475
H           -3.04498793398345        0.74278772607403        0.72813127094645
H           -2.62867290734059        1.69675192673786       -0.69833475196427
H           -1.42011456147009       -2.00913656362770       -0.18059337794220
14
 energy: -23.970284540815 gnorm: 0.041262012496 xtb: 6.7.1 (edcfbbe)
O           -0.09527396344295        0.49643190020493       -0.35994497348510
O            1.22956095182807       -1.37696002873121       -0.17490817235638
O           -1.75342391965293       -1.08451168772568       -0.36948529306294
C            1.22384317242340       -0.19434771150884       -0.16061474168348
C           -1.29968268095969        0.08504155693027       -0.24847966177635
C            2.16267268629481        0.88432104349536        0.11140674989743
C           -2.26048714308642        1.15652761931393        0.12445947651903
H            2.96930491667745        0.54689344058673        0.75979961105462
H            1.61313167207967        1.70815794532243        0.55792498272464
H            2.59611536688697        1.26932917229021       -0.80533589264801
H           -1.71257629593502        1.87749750904420        0.73118495146051
H           -3.07624921019073        0.70551831068632        0.69535458433173
H           -2.68607833409240        1.70103149780386       -0.70659071501810
H           -1.29243821893016       -1.96643556771241       -0.21162090585764
14
 energy: -23.975533299667 gnorm: 0.044587158277 xtb: 6.7.1 (edcfbbe)
O           -0.10125185580656        0.54851641948311       -0.30260504166129
O            1.16741592462743       -1.36072351410408       -0.15712986312251
O           -1.70763260151135       -1.08033505371328       -0.31986417272659
C            1.18820387538340       -0.17613498783490       -0.13976341279686
C           -1.30164809149621        0.10778511257125       -0.23584651069938
C            2.18923842201176        0.86325279294612        0.10239308904843
C           -2.31015488665509        1.15919736780550        0.10458814392812
H            3.01496521504515        0.47329108660519        0.69986974932733
H            1.69885145280272        1.69842695879643        0.59444279065160
H            2.57836323556270        1.23477711138810       -0.83212431668674
H           -1.80299865268819        1.88598472977860        0.74514071706778
H           -3.11953907858529        0.68088111924353        0.65657561337006
H           -2.72305428838019        1.68927623468772       -0.72684269227307
H           -1.15233967041021       -1.91570037765317       -0.24568409332692
14
 energy: -23.979699032579 gnorm: 0.061041577411 xtb: 6.7.1 (edcfbbe)
O           -0.10923144058853        0.58206772356334       -0.25074579429669
O            1.11880327037066       -1.32293609347076       -0.14393274786594
O           -1.65028160417821       -1.07373883229963       -0.28123129568578
C            1.12415067187202       -0.14225114024292       -0.10723314746492
C           -1.30183918591737        0.11728047305245       -0.20076143794035
C            2.20299699938776        0.84594167265222        0.10049922566888
C           -2.33883365070536        1.13876690165960        0.10331276362252
H            3.05474371732379        0.39382412256599        0.62157105195604
H            1.80552961537417        1.70495593675860        0.65243844125638
H            2.53296942362619        1.19311066942581       -0.87398432338062
H           -1.89021969594329        1.89013165354156        0.76258482037476
H           -3.16313145619730        0.65252429083889        0.60702118318815
H           -2.71869954704089        1.64025385899391       -0.76331408189796
H           -1.04853811748355       -1.81143623703891       -0.28307465743452
14
 energy: -23.981332458463 gnorm: 0.058990794857 xtb: 6.7.1 (edcfbbe)
O           -0.12103464713288        0.61993556498329       -0.20022682723992
O            1.04388245015459       -1.30712418036783       -0.12724451393787
O           -1.63556286826471       -1.07375096761357       -0.21797726827265
C            1.06139028723321       -0.11125722672595       -0.07774063108972
C           -1.32307399520682        0.14224751630699       -0.16680906492079
C            2.20767992101851        0.81866390265976        0.09602270422066
C           -2.36267384001503        1.13339468997453        0.11688782569516
H            3.06483001163342        0.32844603915917        0.56741068600215
H            1.89031046992077        1.70216360769885        0.67908825812475
H            2.50966088350073        1.15160282287597       -0.90867921870554
H           -1.95392927745901        1.91023335613330        0.76741683335247
H           -3.20926326721596        0.64666695864909        0.57363037772382
H           -2.71212640566231        1.61712790794175       -0.79663461652370
H           -0.84167072260440       -1.76985499167518       -0.36199454432890
14
 energy: -23.984415387708 gnorm: 0.034817815969 xtb: 6.7.1 (edcfbbe)
O           -0.11500954984934        0.67872311150410       -0.16358306042693
O            1.02052852457454       -1.31272075967022       -0.16377176257591
O           -1.58560338330961       -1.07884830598952       -0.23467306777913
C            1.08706342463509       -0.10996443104829       -0.07942005575869
C           -1.32377948587374        0.15869976260423       -0.14550673357222
C            2.22534581037245        0.80834811050079        0.09396982460553
C           -2.38614382556142        1.12971515951218        0.12204914506504
H            3.07048243251916        0.31597307256961        0.56864122905609
H            1.91005278979914        1.68890857869475        0.65554091207038
H            2.53028650877014        1.14580943366883       -0.90185756934178
H           -1.99436506260139        1.91934515232670        0.76651043760412
H           -3.24862037951163        0.62628730172981        0.55749187459092
H           -2.71149161580056        1.60818083554116       -0.80236752703142
H           -0.86032718826271       -1.76996202194394       -0.32987364640610
14
 energy: -23.985501912116 gnorm: 0.025994833138 xtb: 6.7.1 (edcfbbe)
O           -0.10992901386916        0.64765240238714       -0.16069409521068
O            1.06069346193904       -1.29803443908422       -0.16485785775894
O           -1.59135194654238       -1.05615687517843       -0.23727558770335
C            1.09556471832073       -0.10846737412798       -0.07934272186036
C           -1.31457263544860        0.15049018031699       -0.11721295696407
C            2.21797067696734        0.81121725944951        0.08889199867987
C           -2.38380618634038        1.12115996850423        0.12893502435845
H            3.05349146238797        0.30947690930463        0.56192898652589
H            1.90910973532600        1.68846646793276        0.64094234388923
H            2.53002819240080        1.14441630904969       -0.89852117220136
H           -2.01130420426675        1.91843602635911        0.77308478195607
H           -3.25906976738177        0.62132124693344        0.54897340019818
H           -2.69008479659106        1.59692669749221       -0.80426810389985
H           -0.88832069700167       -1.73840977933889       -0.33743403990919
14
 energy: -23.986348967630 gnorm: 0.017530613083 xtb: 6.7.1 (edcfbbe)
O           -0.12206080477438        0.67519511279295       -0.13637753654776
O            1.02556712523114       -1.27896462249909       -0.19055254151374
O           -1.56520982624670       -1.06538471062506       -0.19664223569423
C            1.07159251571678       -0.08964323898080       -0.08755983708084
C           -1.31585563572415        0.16391672270673       -0.09363050896052
C            2.22963549955223        0.79879533302471        0.08794313104624
C           -2.40778828771576        1.11612679945620        0.12024067561914
H            3.06903859364151        0.24676330474241        0.52702624808801
H            1.96526399969061        1.67867629371083        0.68508576154865
H            2.52918880814137        1.14666788405020       -0.90388364116301
H           -2.07103999357725        1.92631277205695        0.77328042145412
H           -3.28829412881501        0.61171243187953        0.51740669680739
H           -2.69248767005812        1.57922305067563       -0.82909151013536
H           -0.80913119516213       -1.70090213299096       -0.33009512336819
14
 energy: -23.986681998069 gnorm: 0.012465275751 xtb: 6.7.1 (edcfbbe)
O           -0.12284251132635        0.68625661235128       -0.11644598303252
O            1.01515178701799       -1.27661638959127       -0.20554191373063
O           -1.57689466343444       -1.06596890407562       -0.18551060764230
C            1.07419298651201       -0.08434869334404       -0.09161108639521
C           -1.32312971643813        0.16384873082670       -0.08306970421297
C            2.23399481518939        0.79342715307392        0.08429020114622
C           -2.40869464696239        1.10980571218336        0.12491880870876
H            3.05856427261336        0.25114307753474        0.53010426751611
H            1.96909552077885        1.66826221453769        0.67252380342304
H            2.54993260977505        1.14932417520401       -0.89989230061469
H           -2.08494831195100        1.92203168244545        0.77432096234956
H           -3.29378409668542        0.60873998834307        0.50659038481093
H           -2.67512963667613        1.57037236071464       -0.83458506769923
H           -0.79708940851264       -1.68778272020368       -0.33294176452718
14
 energy: -23.986903254710 gnorm: 0.006724319331 xtb: 6.7.1 (edcfbbe)
O           -0.12109745654348        0.68553607575112       -0.10330365343017
O            1.01629268101931       -1.27240673235699       -0.21322416272476
O           -1.57068713557225       -1.06420751308427       -0.18189260952919
C            1.07877482162604       -0.08161894287104       -0.09089871874645
C           -1.32280986730710        0.16547353451044       -0.07141709092105
C            2.23605918434245        0.79305778726500        0.08199185907361
C           -2.41440873404295        1.10998606560353        0.12284253909176
H            3.06419857819061        0.23656544218801        0.51448551804649
H            1.97761619489159        1.66195719816128        0.68229899622291
H            2.54788770495472        1.15681259726008       -0.90029547517872
H           -2.10500608837127        1.92518120668201        0.77580045545648
H           -3.30282334100690        0.60119717926149        0.49232738943823
H           -2.66852421032043        1.56841489013788       -0.83905602266439
H           -0.79705333196021       -1.67745378850828       -0.32650902403487
14
 energy: -23.986988028312 gnorm: 0.006515875952 xtb: 6.7.1 (edcfbbe)
O           -0.12199904860187        0.68511630925293       -0.08867830553518
O            1.01805227390610       -1.26887289650414       -0.22570909008379
O           -1.56691683789549       -1.06381446135970       -0.17328814834899
C            1.07851345191393       -0.08125742073802       -0.09301922755265
C           -1.32293951801659        0.16655360973036       -0.05910150677251
C            2.23685403928319        0.79025544065423        0.08068216205563
C           -2.41951402238569        1.11090690228068        0.12017320356588
H            3.06764812149942        0.22665618100482        0.50000533856484
H            1.98493091598938        1.65264965332132        0.69282084751615
H            2.54524016222143        1.16403042908492       -0.89847234944585
H           -2.12384531323205        1.92747687443090        0.77635533561426
H           -3.30988911297478        0.59765624637857        0.47726998097860
H           -2.66022898466309        1.56781025225119       -0.84441331531860
H           -0.78748712714373       -1.66667211978779       -0.32147492513790
14
 energy: -23.987062102317 gnorm: 0.006773983036 xtb: 6.7.1 (edcfbbe)
O           -0.12182747148402        0.68347855513878       -0.07002447930130
O            1.01535415216305       -1.26733803230031       -0.23688596712073
O           -1.56681448058299       -1.06369028511872       -0.16658705166809
C            1.07820462421954       -0.08035346760629       -0.09172458290135
C           -1.32347162037492        0.16569692988365       -0.04776886432622
C            2.23794981966675        0.78947615957309        0.07927343897241
C           -2.42200398519767        1.11100887727319        0.11807076408598
H            3.07459881612912        0.22092146018620        0.48156759173746
H            1.99227570942370        1.64412886639757        0.70513457999821
H            2.53746543749826        1.17480527556914       -0.89821218124333
H           -2.14016865276446        1.92676513023518        0.78011261183021
H           -3.31709782076674        0.59538605709824        0.45765642363758
H           -2.64355470701389        1.56740415951301       -0.85059834916405
H           -0.78249082101556       -1.65919468584245       -0.31686393443688
14
 energy: -23.987188981436 gnorm: 0.007503337785 xtb: 6.7.1 (edcfbbe)
O           -0.12146336860040        0.67560648124759       -0.03891520085113
O            1.02015728865750       -1.26752215178451       -0.25846404245100
O           -1.57055944917637       -1.06750960046980       -0.15822304234168
C            1.07879236736047       -0.08320828226584       -0.09133521599421
C           -1.32466325747691        0.16292017121688       -0.03285754501015
C            2.23614629408570        0.78962979255854        0.07815679029359
C           -2.42139398250785        1.11358577795652        0.11367720273457
H            3.08417053334605        0.21987943541671        0.45130170839458
H            1.99537432088296        1.62732818388152        0.72621502747055
H            2.51573785639503        1.19894388854380       -0.89563520789047
H           -2.15761885906971        1.92164156125210        0.78919984752288
H           -3.32647438001308        0.59763410967029        0.42128467033233
H           -2.60703821524762        1.57775417862282       -0.85871583764867
H           -0.78274814873557       -1.65818854584632       -0.30253915446132
14
 energy: -23.987318941341 gnorm: 0.007740892984 xtb: 6.7.1 (edcfbbe)
O           -0.11940382192394        0.66983240152457        0.01776723837504
O            1.01824410553584       -1.26892319242910       -0.27202039801165
O           -1.57160275623890       -1.06826891306919       -0.15076029122010
C            1.07772256519707       -0.08686845398604       -0.07950079387246
C           -1.32512166385201        0.15701445981565       -0.01286762121911
C            2.23857348816028        0.78967303908865        0.07283075630783
C           -2.42359600289663        1.11470884055518        0.10599327512629
H            3.10831798341995        0.22061608535050        0.39945416771391
H            2.01011680848405        1.60755632740242        0.75288408616770
H            2.47735225439271        1.22800739618899       -0.90051362006485
H           -2.18472350513961        1.91019214097480        0.80845559030105
H           -3.34699258843276        0.60011149564841        0.36352629021054
H           -2.55780157312909        1.59675822366835       -0.86795879255347
H           -0.78266629367676       -1.66191485073287       -0.29413988716086
14
 energy: -23.987458035898 gnorm: 0.005110104387 xtb: 6.7.1 (edcfbbe)
O           -0.11860467754309        0.65526125034210        0.03967671915894
O            1.02196570073518       -1.27269401869631       -0.27212264484177
O           -1.57826135665735       -1.07381283655568       -0.15809967691968
C            1.07683978529709       -0.09090684735553       -0.07394864545539
C           -1.32465631612420        0.15043775713337       -0.01320964963954
C            2.23332488211166        0.79535822510769        0.07033645090173
C           -2.41427533583265        1.11561603298999        0.10120664993334
H            3.11117313408202        0.23432863744002        0.37794954579601
H            2.00814102651986        1.60218551062979        0.76272820162998
H            2.45039970996859        1.24936190636782       -0.89894683072203
H           -2.17538683736158        1.89567640098508        0.81827048196076
H           -3.34504311008421        0.61270873144130        0.33740087004437
H           -2.52705285346524        1.61974181335790       -0.86298845888945
H           -0.80014475174588       -1.68476756318719       -0.28510301285740
14
 energy: -23.987524886164 gnorm: 0.002401237158 xtb: 6.7.1 (edcfbbe)
O           -0.11868284294165        0.65943675670331        0.04256018284443
O            1.02115099164960       -1.27023304172279       -0.26625210480342
O           -1.57654893781087       -1.07080441492872       -0.16660780738170
C            1.07643354408508       -0.08885863349191       -0.06980976853076
C           -1.32352518558363        0.15337236193160       -0.01739494758766
C            2.23417137400005        0.79486752631246        0.06957162363638
C           -2.41500263581070        1.11394276683736        0.09948288602865
H            3.11054676124120        0.22865971953644        0.37155054691652
H            2.01592971312686        1.60136316637519        0.76445048478868
H            2.44505657669410        1.24962638161412       -0.90054227316596
H           -2.17590992501370        1.89130554629976        0.82163971385324
H           -3.34712612370728        0.60874475328988        0.33298319634580
H           -2.52986163167418        1.62335609740197       -0.86196327924369
H           -0.79821267835466       -1.68628398615835       -0.27651845360064
14
 energy: -23.987564256447 gnorm: 0.001468323658 xtb: 6.7.1 (edcfbbe)
O           -0.11910797154218        0.66454600193952        0.04878632106229
O            1.01991250412122       -1.26880233984508       -0.25034197573445
O           -1.57429415536334       -1.06690954709056       -0.17819576856866
C            1.07599497689021       -0.08639183104090       -0.06328249387275
C           -1.32232929635611        0.15659880485145       -0.01867391157643
C            2.23634129209765        0.79409492242846        0.06749955257027
C           -2.41675057652811        1.11191308239264        0.09693843425748
H            3.11225121460165        0.22194660753583        0.35948992208092
H            2.02958275331338        1.60025374522307        0.76632372036336
H            2.43690673077713        1.25067064237422       -0.90382751178905
H           -2.18032744133734        1.88536477714599        0.82598287344209
H           -3.34988799714675        0.60343626032612        0.32456106689524
H           -2.53339384863331        1.62929702163191       -0.86022461025885
H           -0.79647918499390       -1.68752314787234       -0.27188561877162
14
 energy: -23.987584548030 gnorm: 0.001789302557 xtb: 6.7.1 (edcfbbe)
O           -0.11944711048739        0.66677269122222        0.05480603335474
O            1.01927903099654       -1.27037070046912       -0.22835004258920
O           -1.57300201051195       -1.06419562412291       -0.18784038518253
C            1.07602000945944       -0.08633440790740       -0.05197684330076
C           -1.32182428205829        0.15855785669915       -0.02120074931773
C            2.23847196668344        0.79352040460671        0.06495114652617
C           -2.41836028243727        1.11122629949571        0.09486842333226
H            3.11752381282984        0.21923443289470        0.34330078130535
H            2.04294989048904        1.59807873655713        0.76899708016622
H            2.42538072310386        1.25384110828733       -0.90753478966369
H           -2.18589613136432        1.88083254509356        0.82941948204455
H           -3.35102706540845        0.59957471549053        0.31680290705895
H           -2.53509042895777        1.63530245643653       -0.85844881025807
H           -0.79655912243652       -1.68754551428379       -0.27464423337640
14
 energy: -23.987605925776 gnorm: 0.001055886932 xtb: 6.7.1 (edcfbbe)
O           -0.11924924052619        0.66626132529168        0.05952756017021
O            1.01942576205084       -1.27423177310264       -0.20313760438630
O           -1.57259109487806       -1.06262301414339       -0.19396091366688
C            1.07656623177002       -0.08766893264456       -0.04323362299285
C           -1.32152164781465        0.15906066547824       -0.02174034961510
C            2.23960146498940        0.79308660629027        0.06209835045996
C           -2.41898756152884        1.11189077748584        0.09319728054433
H            3.12398552667621        0.21926831582027        0.32417057350318
H            2.05334931702710        1.59289875373912        0.77415818979579
H            2.41030470488037        1.26152656940579       -0.90965041234934
H           -2.19078853440985        1.87823486960924        0.83164501837817
H           -3.35087668801659        0.59764017374610        0.30939899070797
H           -2.53274893834539        1.63989372829596       -0.85792432517085
H           -0.79805030197419       -1.68674306527158       -0.28139873527843
14
 energy: -23.987625386704 gnorm: 0.001422625661 xtb: 6.7.1 (edcfbbe)
O           -0.11845419210036        0.66357604965885        0.06431600120278
O            1.02012766235033       -1.27850047190048       -0.18234833472112
O           -1.57318702447020       -1.06221603414731       -0.19760817773688
C            1.07738629605846       -0.09080566464198       -0.03303974975742
C           -1.32120599086110        0.15859065292010       -0.02257219944990
C            2.23932327158285        0.79286577464861        0.05933137054745
C           -2.41814182953736        1.11337858381440        0.09046342035429
H            3.13172254447383        0.22040575099584        0.29744797088310
H            2.06268172545984        1.58247116125876        0.78578834328796
H            2.38752900737644        1.27713099964665       -0.90891713823185
H           -2.19324701171512        1.87654811877528        0.83251704364896
H           -3.35064796408198        0.59840526507182        0.30055389132599
H           -2.52571730191060        1.64381382295732       -0.85981583672197
H           -0.79975019272488       -1.68716900905751       -0.28296660453155
14
 energy: -23.987649957652 gnorm: 0.002169166992 xtb: 6.7.1 (edcfbbe)
O           -0.11732226949896        0.66013077717160        0.06825538425949
O            1.02097079503017       -1.28355363969573       -0.16263550206879
O           -1.57403385488855       -1.06295260299525       -0.19775644502953
C            1.07833370247233       -0.09437445296050       -0.02657582076425
C           -1.32054723893874        0.15731575175558       -0.02151821716947
C            2.23795851125341        0.79263656264037        0.05624297515200
C           -2.41600205976327        1.11502914445345        0.08607633924142
H            3.13964907133089        0.22093960348691        0.26018409814280
H            2.07398905934208        1.56434655382006        0.80595934259328
H            2.35631282758063        1.30375291733423       -0.90293638678435
H           -2.19429886063403        1.87531369189817        0.83183759476952
H           -3.35122686663644        0.60169935608679        0.28824913651752
H           -2.51407920129101        1.64745632376554       -0.86412658173031
H           -0.80128461545834       -1.68924498676088       -0.27810591702948
14
 energy: -23.987673313360 gnorm: 0.002654057203 xtb: 6.7.1 (edcfbbe)
O           -0.11659809226524        0.65701450442795        0.06914404691813
O            1.02162766761728       -1.28707005163274       -0.15345365420838
O           -1.57496036403287       -1.06509868387409       -0.19245444142361
C            1.07896033651894       -0.09750039776455       -0.02335605008134
C           -1.32023809374713        0.15555474120951       -0.02038988171555
C            2.23631639651199        0.79251274609686        0.05405543285788
C           -2.41369381643984        1.11628346862803        0.08148179989725
H            3.14532097991794        0.22172739243651        0.22553722641797
H            2.08387805576041        1.54443574039275        0.82713441544650
H            2.32881838667012        1.33121353408008       -0.89310903230650
H           -2.19408444821730        1.87522695232031        0.82920657750943
H           -3.35206311738729        0.60635937449826        0.27755421528296
H           -2.50269102129339        1.64964184798977       -0.86918411483143
H           -0.80217386971344       -1.69180616880829       -0.26901653966345
14
 energy: -23.987701073517 gnorm: 0.002475082336 xtb: 6.7.1 (edcfbbe)
O           -0.11614127852532        0.65466459802621        0.06669820488006
O            1.02223529559520       -1.28995535753665       -0.14875735498030
O           -1.57596635845263       -1.06815863810188       -0.18299265855612
C            1.07942265653415       -0.10000458780454       -0.02334603354233
C           -1.32011159359916        0.15364537231905       -0.01919788848793
C            2.23453611490224        0.79255719407098        0.05203171144402
C           -2.41130552310130        1.11716108370385        0.07623259026319
H            3.14909079248059        0.22249558216406        0.18951570600889
H            2.09487728673588        1.52115993777391        0.85030058849333
H            2.30178458626407        1.36134324684793       -0.87907049070500
H           -2.19347715403943        1.87499053221834        0.82607358277507
H           -3.35346558691607        0.61149689976700        0.26607526647019
H           -2.49051346350031        1.65201360950556       -0.87469358290340
H           -0.80254677447772       -1.69491447295348       -0.25571964105982
14
 energy: -23.987730611398 gnorm: 0.001649790279 xtb: 6.7.1 (edcfbbe)
O           -0.11622148440977        0.65429864254333        0.06023324695931
O            1.02236078049516       -1.29068012500787       -0.15244706068430
O           -1.57664450072537       -1.07146779025722       -0.16905566089751
C            1.07948331644696       -0.10079102120940       -0.02744484464204
C           -1.32030971453464        0.15225319368922       -0.01796767399379
C            2.23358921539000        0.79248309678595        0.05096392724338
C           -2.40991900266988        1.11733084916739        0.07082288200798
H            3.15060504478850        0.22212667435377        0.15841586024936
H            2.10633452780146        1.49720837052192        0.87216302210435
H            2.28139881028983        1.38929052008132       -0.86185730689940
H           -2.19374703559376        1.87497046489599        0.82201367412695
H           -3.35514835240286        0.61546160058423        0.25603715030011
H           -2.48125199297345        1.65377567006353       -0.87991452995181
H           -0.80211061200198       -1.69776514621183       -0.23881268582275
14
 energy: -23.987701804124 gnorm: 0.007479082796 xtb: 6.7.1 (edcfbbe)
O           -0.11645516727117        0.65603772393690        0.04837353885530
O            1.02189392465652       -1.29242888841570       -0.14862684466296
O           -1.57689337688326       -1.07584495436631       -0.14137730755431
C            1.07963359343293       -0.10160532511161       -0.03023014717106
C           -1.32039324010497        0.15144810405371       -0.01632900784798
C            2.23425862941572        0.79134201692356        0.04783144726794
C           -2.40926975014154        1.11757746405663        0.05671158282202
H            3.16013967944556        0.21684605522512        0.07709411324338
H            2.14244992963373        1.43936074401000        0.92609175061864
H            2.22911727744110        1.45561779720892       -0.82538542524486
H           -2.20060385327250        1.87369043436541        0.81284409202914
H           -3.35876908585510        0.61928995154616        0.22991514651173
H           -2.46526911663503        1.65991265669219       -0.89171142768396
H           -0.80142044396177       -1.70274878012465       -0.20205151108317
14
 energy: -23.987768489241 gnorm: 0.001858664189 xtb: 6.7.1 (edcfbbe)
O           -0.11712804682723        0.65938836664523        0.04218564557858
O            1.02103705882265       -1.28846210960963       -0.16411569556187
O           -1.57615578779822       -1.07501752414636       -0.13679309650818
C            1.07894260268824       -0.09842838452527       -0.03740581606668
C           -1.32080194596079        0.15287388282332       -0.01676713759545
C            2.23581632671652        0.79117786055799        0.04997095127149
C           -2.41145139909065        1.11650941167797        0.05855626936994
H            3.15486268454659        0.21569651552559        0.09762846853067
H            2.13803799750047        1.44549059665266        0.91595681348362
H            2.24956813378835        1.44237620638526       -0.82461221479494
H           -2.20211841651724        1.87462366091543        0.81245277059807
H           -3.35834284296110        0.61570769937411        0.23663029180586
H           -2.47348694250985        1.65763912510796       -0.88966948278311
H           -0.80036042249753       -1.70108030738393       -0.20086776722814
14
 energy: -23.987775908043 gnorm: 0.000772075950 xtb: 6.7.1 (edcfbbe)
O           -0.11663253528138        0.65981628440855        0.04013904655419
O            1.02091109781831       -1.28878502505025       -0.15963201073707
O           -1.57579020048960       -1.07378803220800       -0.13441783694790
C            1.07906765927995       -0.09832819569475       -0.03702117061140
C           -1.32036810938585        0.15369173651767       -0.01694469059179
C            2.23632906160198        0.79078840188362        0.04885521685362
C           -2.41214180117670        1.11691426459489        0.05744915258992
H            3.15552465759442        0.21543888600013        0.08897556960391
H            2.14284563193473        1.43799425494706        0.91990913300545
H            2.24652643282090        1.44878548128781       -0.82093700914532
H           -2.20547437469397        1.87444385530228        0.81232460227657
H           -3.35800856308658        0.61360861556842        0.23401455737851
H           -2.47331035126988        1.65845196114532       -0.89066899901886
H           -0.80105960576612       -1.70053748870244       -0.19889556110998
14
 energy: -23.987782488242 gnorm: 0.000988739526 xtb: 6.7.1 (edcfbbe)
O           -0.11609501641925        0.66179803600900        0.03319950592925
O            1.02047516542760       -1.28844194846475       -0.15189016633832
O           -1.57542706571063       -1.07281655074277       -0.12547377134343
C            1.07905118425894       -0.09716048447167       -0.03770057679745
C           -1.31987634743607        0.15518301195453       -0.01759337062376
C            2.23752223181503        0.79052841277162        0.04651627797997
C           -2.41360735048147        1.11747727973808        0.05309141867533
H            3.15727088620661        0.21345846986377        0.05985056214147
H            2.15936726130053        1.41535601668933        0.93630763491063
H            2.23441892864213        1.46995334604406       -0.80692915497825
H           -2.21288703609736        1.87360070652558        0.81059436636847
H           -3.35809847882620        0.61029834703400        0.22528997293274
H           -2.47135477106089        1.66065330659985       -0.89410047456166
H           -0.80234059171875       -1.70139294955030       -0.18801222419513
14
 energy: -23.987784338791 gnorm: 0.000462319806 xtb: 6.7.1 (edcfbbe)
O           -0.11607041894924        0.66203321650064        0.03158021482398
O            1.02058595997160       -1.28849985655167       -0.14917111915266
O           -1.57563175241299       -1.07289821623493       -0.12411073474977
C            1.07900601299502       -0.09702932487021       -0.03725120928476
C           -1.31987749601436        0.15525806133257       -0.01775319226968
C            2.23778227722408        0.79060549529748        0.04589876903604
C           -2.41366032127768        1.11746333530338        0.05209067856849
H            3.15744274892860        0.21393503845402        0.05302178027508
H            2.16336966920464        1.40995854726703        0.93880418800234
H            2.23077036012056        1.47505058753948       -0.80313460945371
H           -2.21380570399557        1.87283303201768        0.81058586850716
H           -3.35840047490046        0.61022790025102        0.22289937381838
H           -2.47017655194939        1.66163609593296       -0.89458348660321
H           -0.80291530904458       -1.70207891223911       -0.18572652141785
