20
 energy: -32.779142724477 gnorm: 0.054880326992 xtb: 6.7.1 (edcfbbe)
O            3.85090000000000        0.45160000000000        0.00120000000000
O           -2.59990000000000        1.40410000000000       -0.00180000000000
N           -1.57050000000000       -0.71710000000000        0.00010000000000
C           -0.20660000000000       -0.42310000000000       -0.00020000000000
C            0.22050000000000        0.90470000000000        0.00040000000000
C            0.72980000000000       -1.45700000000000       -0.00070000000000
C            1.58410000000000        1.19860000000000        0.00020000000000
C            2.09330000000000       -1.16290000000000       -0.00070000000000
C            2.52040000000000        0.16480000000000       -0.00030000000000
C           -2.64850000000000        0.17820000000000        0.00090000000000
C           -3.97350000000000       -0.54200000000000        0.00100000000000
H           -0.44360000000000        1.75770000000000        0.00120000000000
H            0.41130000000000       -2.49630000000000       -0.00100000000000
H           -1.80100000000000       -1.70860000000000        0.00010000000000
H            1.90530000000000        2.23700000000000        0.00090000000000
H            2.81800000000000       -1.97260000000000       -0.00080000000000
H           -4.06550000000000       -1.14630000000000       -0.90580000000000
H           -4.79040000000000        0.18440000000000        0.02880000000000
H           -4.04450000000000       -1.18860000000000        0.88020000000000
H            3.96500000000000        1.41760000000000        0.00170000000000
20
 energy: -32.782753663435 gnorm: 0.018829605784 xtb: 6.7.1 (edcfbbe)
O            3.85628850685454        0.42985663509245        0.00077161508245
O           -2.57371163104817        1.37610260957108       -0.00105375107806
N           -1.57767503439225       -0.70162790122015        0.00019458527102
C           -0.21208510896350       -0.39836265647398        0.00001615234886
C            0.22856653172251        0.91975288385156        0.00048120317016
C            0.72324824344079       -1.43062580724820       -0.00047886692879
C            1.58549581652466        1.19792734035646        0.00053210427437
C            2.08021556390763       -1.15117032962200       -0.00059037418665
C            2.51910493558079        0.16723083353335        0.00017112632973
C           -2.64535577809796        0.16735271809418        0.00050939955932
C           -3.97176994891241       -0.55848356442838        0.00150623779164
H           -0.45553910140620        1.75120692064295        0.00089333899835
H            0.39884336605553       -2.46319401873714       -0.00085928128890
H           -1.80359862075522       -1.68807413803570       -0.00071787178235
H            1.91434299410476        2.22882135321497        0.00083598384583
H            2.80137028780194       -1.95554763776106       -0.00085253690084
H           -4.07229437008053       -1.16281073201145       -0.89919344734278
H           -4.77658176875966        0.17288383620936        0.02766943063089
H           -4.05195008498656       -1.20549105873706        0.87421639643621
H            3.98768520140930        1.38845271370877        0.00134855576954
20
 energy: -32.783443149845 gnorm: 0.006594924849 xtb: 6.7.1 (edcfbbe)
O            3.86419068945811        0.40559122733136        0.00058768606868
O           -2.57600378154159        1.36564093792589       -0.00039779631834
N           -1.58276593673877       -0.68691899523121        0.00037392252617
C           -0.21675552002565       -0.37274963347451       -0.00030596285603
C            0.23926847934147        0.94012489643848        0.00030723335399
C            0.71337288474051       -1.40947032100954       -0.00074785121750
C            1.59457264659064        1.20359691853694        0.00058492167376
C            2.06823974177087       -1.14461532359913       -0.00043196953058
C            2.52122948772442        0.16886260446821        0.00028022185336
C           -2.65114795765400        0.16073702286028        0.00114146476616
C           -3.97513930574470       -0.57763611328711        0.00156691129528
H           -0.45962569073827        1.75751111727925        0.00071857764669
H            0.37819655895427       -2.43699321976665       -0.00110615908103
H           -1.79584786224570       -1.67427072617801       -0.00029854936827
H            1.93397662645255        2.22998224844582        0.00106284481685
H            2.78633852386344       -1.94816724160307       -0.00078931411203
H           -4.07206114079009       -1.18262362774305       -0.89715300051888
H           -4.77925291905292        0.15149094193321        0.02648881334253
H           -4.05246229749282       -1.22452388784329        0.87237296025810
H            4.01627677312822        1.35863117451612        0.00114504540110
20
 energy: -32.783575965211 gnorm: 0.003355359255 xtb: 6.7.1 (edcfbbe)
O            3.86761920297384        0.39071945447716        0.00045341178159
O           -2.58875781374446        1.36749747937510        0.00029409636278
N           -1.58357075596603       -0.67815655153249        0.00035307190367
C           -0.21851320799615       -0.35833534502522       -0.00010125881745
C            0.24458431696072        0.95294170823767        0.00041600882895
C            0.70666140036957       -1.40005028704423       -0.00061664816064
C            1.60136149335412        1.20860792733233        0.00058621017119
C            2.06190507201881       -1.14323157388915       -0.00047932762311
C            2.52237108960695        0.16873784783892        0.00019636085705
C           -2.65747296822158        0.16074281847234        0.00106544508603
C           -3.97707237789549       -0.58841347930508        0.00148970569014
H           -0.45883904551905        1.76687764417715        0.00065852763498
H            0.36357954919674       -2.42518022328713       -0.00113033565043
H           -1.78589067448198       -1.66815513859159       -0.00039403827349
H            1.94778005257120        2.23321407337498        0.00106539417688
H            2.77828040073287       -1.94828587590861       -0.00079831402959
H           -4.06737065873776       -1.19467252940167       -0.89710242039855
H           -4.78732228259082        0.13379393656516        0.02590525043898
H           -4.04796084872634       -1.23573470296467        0.87251050965812
H            4.03322805609485        1.34128281709901        0.00102835036291
20
 energy: -32.783624850511 gnorm: 0.001696806680 xtb: 6.7.1 (edcfbbe)
O            3.86795410795710        0.38004501284191        0.00033652096929
O           -2.60008776493774        1.37111833525245        0.00114792851501
N           -1.58337689853939       -0.67117334971193        0.00048590357598
C           -0.21952548855144       -0.34857217497724       -0.00009991631153
C            0.24704052792597        0.96178762877031        0.00041611481518
C            0.70144047036554       -1.39481519081717       -0.00066494269967
C            1.60557467342698        1.21236747125952        0.00054141289246
C            2.05724851038207       -1.14325663107456       -0.00055409330289
C            2.52190939858983        0.16815446360076        0.00012848828639
C           -2.66216378820246        0.16278524078752        0.00161054768621
C           -3.97686295623321       -0.59542034336229        0.00125885393302
H           -0.45756998334650        1.77548297154125        0.00078769604731
H            0.35211394663183       -2.41819849019750       -0.00108840821806
H           -1.77682152581522       -1.66339412407522       -0.00035497299365
H            1.95715326888084        2.23572254904795        0.00100856100317
H            2.77266344716279       -1.94970574205231       -0.00090883992399
H           -4.06022504615518       -1.20330718392279       -0.89733810311857
H           -4.79445616257576        0.11895675155784        0.02486993577979
H           -4.04159621397076       -1.24311022431536        0.87292948205064
H            4.04418747700470        1.32873302984685        0.00088783101393
20
 energy: -32.783634731226 gnorm: 0.000956886552 xtb: 6.7.1 (edcfbbe)
O            3.86681065482122        0.37461320774524        0.00016603733388
O           -2.60629316361900        1.37385273565787        0.00201231377247
N           -1.58356882412509       -0.66625668621372        0.00044728755815
C           -0.22020504566433       -0.34375381884749        0.00011571391451
C            0.24758086681945        0.96583444023935        0.00058103070296
C            0.69834327689400       -1.39261167260944       -0.00054742348489
C            1.60722407617644        1.21394947173887        0.00053820244036
C            2.05440653359169       -1.14362603225357       -0.00060518798804
C            2.52076061554679        0.16749169844007        0.00001999189124
C           -2.66467064006473        0.16539431883740        0.00162995448005
C           -3.97515717401675       -0.59910936508326        0.00111043320228
H           -0.45526512623001        1.78135772121952        0.00096266363282
H            0.34556979611878       -2.41482464648866       -0.00106876712316
H           -1.77276827223226       -1.65922545658227       -0.00059439059047
H            1.96148840106186        2.23637266828595        0.00096916245900
H            2.76913494223230       -1.95088281841387       -0.00104806962029
H           -4.05367840947549       -1.20849106360226       -0.89711186713760
H           -4.79826795670207        0.10900329692302        0.02384056676074
H           -4.03582996119038       -1.24691575419639        0.87326373703439
H            4.04898541005756        1.32202775520361        0.00071861076160
20
 energy: -32.783636482157 gnorm: 0.000243830217 xtb: 6.7.1 (edcfbbe)
O            3.86673124593012        0.37419067559506        0.00004679995034
O           -2.60688208754890        1.37442259828134        0.00252710781807
N           -1.58403583298601       -0.66502467593516        0.00056269875650
C           -0.22042082128792       -0.34330032396411        0.00001806782892
C            0.24757222884182        0.96592536192993        0.00057791699500
C            0.69790452737570       -1.39226760000204       -0.00067986192579
C            1.60734916043879        1.21377614141073        0.00056589132882
C            2.05393553223885       -1.14364517288303       -0.00067224476973
C            2.52062013240082        0.16725430800779        0.00000646560342
C           -2.66517208192150        0.16631532940837        0.00215364840421
C           -3.97451802251788       -0.59983587985639        0.00098282617775
H           -0.45365739524173        1.78274480329632        0.00113401193153
H            0.34482111458620       -2.41423414110968       -0.00107539401701
H           -1.77379411289134       -1.65773460366935       -0.00061547968164
H            1.96179646568323        2.23595520804708        0.00099880488555
H            2.76817454107702       -1.95117125341180       -0.00114682349447
H           -4.05160281410841       -1.20997430864439       -0.89678801987188
H           -4.79882520349235        0.10667926736309        0.02282774786055
H           -4.03474296298294       -1.24726264069142        0.87337389499063
H            4.04934638640642        1.32138690682766        0.00060194122925
