15
 energy: -23.385411574881 gnorm: 0.046904117261 xtb: 6.7.1 (edcfbbe)
O           -2.76200000000000       -0.00020000000000        0.00000000000000
N            2.79910000000000       -0.00010000000000       -0.00020000000000
C            1.38870000000000        0.00020000000000        0.00010000000000
C            0.69150000000000       -1.20790000000000        0.00020000000000
C            0.69110000000000        1.20820000000000        0.00010000000000
C           -1.40100000000000       -0.00010000000000       -0.00010000000000
C           -0.70340000000000       -1.20800000000000       -0.00010000000000
C           -0.70380000000000        1.20790000000000        0.00000000000000
H            1.22360000000000       -2.15570000000000        0.00020000000000
H            1.22290000000000        2.15610000000000        0.00000000000000
H           -1.23490000000000       -2.15590000000000       -0.00010000000000
H           -1.24170000000000        2.15210000000000        0.00000000000000
H            3.30500000000000       -0.87580000000000        0.00040000000000
H            3.30550000000000        0.87530000000000        0.00030000000000
H           -3.07710000000000       -0.92050000000000        0.00000000000000
15
 energy: -23.387477027106 gnorm: 0.020719962000 xtb: 6.7.1 (edcfbbe)
O           -2.75854316817909        0.01191821428326       -0.00004551561582
N            2.78181029954861        0.00117566295610       -0.00033927264521
C            1.39656250026334       -0.00145128063452       -0.00003184628165
C            0.69720940359180       -1.20451975284504        0.00006454730977
C            0.68876291030356        1.19815646553258        0.00003477307242
C           -1.39219521126610       -0.00543896520713        0.00002964114694
C           -0.68785235856793       -1.20432203709359        0.00001938554828
C           -0.69560500811476        1.19623894616866        0.00001720339919
H            1.23085419113976       -2.14493016681300        0.00002052370641
H            1.21827319087544        2.14048575811451       -0.00000441514010
H           -1.22101794405308       -2.14694729833142        0.00002010038311
H           -1.23953041226145        2.12939621683233       -0.00004137491761
H            3.28632038261043       -0.86464349550750        0.00056265438676
H            3.28300618862878        0.86879795726293        0.00048742553076
H           -3.08455496451930       -0.89831622471816        0.00000617011675
15
 energy: -23.387772254736 gnorm: 0.004027662717 xtb: 6.7.1 (edcfbbe)
O           -2.75907772314474        0.02063800108813        0.00000604272136
N            2.77588359823330        0.00289622933747       -0.00058874804703
C            1.40479366130954       -0.00235154056415       -0.00009981783361
C            0.69945934700279       -1.20377048056679       -0.00002761005945
C            0.68745947330222        1.19355480826084       -0.00004869638706
C           -1.38937129115086       -0.01043200045157        0.00000520100191
C           -0.68181829347956       -1.20513616981815        0.00002165729442
C           -0.69226900316343        1.19018417017244       -0.00000829211103
H            1.23618434643748       -2.14051494489635       -0.00001704247927
H            1.21834868885261        2.13333432800188       -0.00006412984840
H           -1.21683256734515       -2.14590936599968        0.00006819704221
H           -1.24326623007732        2.11663693102802        0.00004689131339
H            3.28243940606426       -0.85900098322907        0.00075827173251
H            3.27589475720706        0.86852908840568        0.00070697881973
H           -3.09432817004821       -0.88305807076870        0.00004109684032
15
 energy: -23.387791030002 gnorm: 0.001713932418 xtb: 6.7.1 (edcfbbe)
O           -2.75982058399613        0.02294875769240        0.00007959698769
N            2.77715398316867        0.00346353062434       -0.00086876421641
C            1.40636858817864       -0.00263232101961       -0.00020600028599
C            0.69904645021649       -1.20393914812341       -0.00008525515024
C            0.68689175249879        1.19318177371603       -0.00010096536986
C           -1.38980795226946       -0.01194951693411        0.00002987451283
C           -0.68241391511409       -1.20647289663731        0.00001597872394
C           -0.69246432007387        1.18950711545063        0.00000108623008
H            1.23739436255505       -2.14033275483239       -0.00010271170869
H            1.21935203050044        2.13273783777639       -0.00013501347178
H           -1.21730786408327       -2.14766436335021        0.00008066251819
H           -1.24601115062180        2.11471613857900        0.00005154374458
H            3.28570083215288       -0.85817471076422        0.00099343837639
H            3.27773885106333        0.86968115975366        0.00095351927397
H           -3.09832106417566       -0.87947060193120        0.00009300983531
15
 energy: -23.387795758186 gnorm: 0.001074607478 xtb: 6.7.1 (edcfbbe)
O           -2.75991993123668        0.02574263260871        0.00028434615815
N            2.77826820637679        0.00396408623888       -0.00179866621890
C            1.40711621070768       -0.00307431110949       -0.00047389628109
C            0.69843641241269       -1.20407394025366       -0.00024425800658
C            0.68624292782883        1.19307620923089       -0.00025062767298
C           -1.39003885573578       -0.01374036711429        0.00007203217533
C           -0.68346816326548       -1.20824865332419       -0.00001299997696
C           -0.69255524632836        1.18900106463542       -0.00001271771250
H            1.23878946969779       -2.14012933477044       -0.00034280512145
H            1.22092251003204        2.13223640249943       -0.00035157620574
H           -1.21736509184956       -2.15029264646219        0.00011759639731
H           -1.24939828194524        2.11258317216171        0.00011744327178
H            3.28967021314971       -0.85689101513491        0.00172616504570
H            3.27963374416928        0.87064374273284        0.00170604611446
H           -3.10283412401369       -0.87519704193874        0.00026391803346
15
 energy: -23.387797194825 gnorm: 0.000323075779 xtb: 6.7.1 (edcfbbe)
O           -2.75951913283753        0.02535871105913        0.00040548851274
N            2.77767565472777        0.00381973836086       -0.00249639537679
C            1.40656739251315       -0.00309455327983       -0.00067327801533
C            0.69865011240302       -1.20406182134750       -0.00035802924699
C            0.68643775334308        1.19320075649070       -0.00035453446625
C           -1.38978965868587       -0.01345061700772        0.00011230903058
C           -0.68327985506519       -1.20795383317044       -0.00002087576720
C           -0.69236872784911        1.18910423943217       -0.00000610455971
H            1.23852038670998       -2.14016177573083       -0.00049085839187
H            1.22076301736396        2.13228567866659       -0.00049159427257
H           -1.21699413191693       -2.14993242126059        0.00014716218922
H           -1.24883452447920        2.11276209732452        0.00017003801958
H            3.28881160809441       -0.85684154569836        0.00225296997503
H            3.27885675884618        0.87027385153524        0.00223428026972
H           -3.10199665316771       -0.87570850537394        0.00036942209985
