13
 energy: -23.824577378846 gnorm: 0.102373270404 xtb: 6.7.1 (edcfbbe)
O            0.00000000000000        0.67870000000000       -0.00040000000000
O            1.30550000000000       -1.24450000000000       -0.00130000000000
O           -1.30550000000000       -1.24450000000000        0.00150000000000
C            1.16870000000000       -0.02870000000000       -0.00150000000000
C           -1.16870000000000       -0.02870000000000        0.00100000000000
C            2.31950000000000        0.93390000000000        0.00170000000000
C           -2.31960000000000        0.93380000000000       -0.00110000000000
H            3.25990000000000        0.37510000000000       -0.00780000000000
H            2.28800000000000        1.54670000000000        0.90610000000000
H            2.28030000000000        1.56230000000000       -0.89170000000000
H           -2.28150000000000        1.55980000000000        0.89390000000000
H           -3.25990000000000        0.37500000000000        0.00550000000000
H           -2.28700000000000        1.54900000000000       -0.90390000000000
13
 energy: -23.830051388058 gnorm: 0.024392336827 xtb: 6.7.1 (edcfbbe)
O           -0.00001794984729        0.63284473639596       -0.00025233518560
O            1.32304232815439       -1.23159634127234       -0.00148465211567
O           -1.32303398563307       -1.23162722957659        0.00146955472289
C            1.18939474152280       -0.04479347073863        0.00020134791290
C           -1.18941015267329       -0.04481844518581       -0.00026889692662
C            2.33081923683940        0.93223851928728        0.00139808341758
C           -2.33089382987200        0.93215726249151       -0.00098984923443
H            3.27225641561496        0.38552542074774       -0.00791531017536
H            2.28077236647396        1.55546709291559        0.89222222735028
H            2.27170008097830        1.57089573627696       -0.87795869640313
H           -2.27312048014100        1.56841535334070        0.88014852651380
H           -3.27228355438480        0.38537980877408        0.00550440813918
H           -2.27952521703236        1.55781155654355       -0.89007440801580
13
 energy: -23.830751239557 gnorm: 0.009753466161 xtb: 6.7.1 (edcfbbe)
O           -0.00002343576797        0.59957398214382       -0.00033762604841
O            1.33574364842341       -1.24211975974482       -0.00174986290180
O           -1.33572561495558       -1.24216409460381        0.00174145987276
C            1.20392818755857       -0.06222378693872       -0.00138258982117
C           -1.20394605799619       -0.06226174323887        0.00113937489495
C            2.32861137368832        0.93793328697620        0.00126998008592
C           -2.32867435246846        0.93785477310877       -0.00087125933286
H            3.27437817311039        0.40458884286180       -0.00725790717233
H            2.26309413587579        1.56549457494455        0.88695967868343
H            2.25469381926580        1.58070442655622       -0.87266963662363
H           -2.25607143385197        1.57831882533489        0.87488815540696
H           -3.27442618936360        0.40444203439058        0.00505761922166
H           -2.26188225351851        1.56775863820940       -0.88478738626549
13
 energy: -23.830912072873 gnorm: 0.004702295037 xtb: 6.7.1 (edcfbbe)
O           -0.00002592466663        0.58156588549568       -0.00020902041870
O            1.34572880188610       -1.25319947390102       -0.00166255562169
O           -1.34571038482762       -1.25324628061289        0.00155436678261
C            1.21153646108114       -0.07300982103045        0.00043012862386
C           -1.21155880645365       -0.07305278135322       -0.00049686675426
C            2.32238199854302        0.94230825546325        0.00129574940271
C           -2.32244075490681        0.94222888841035       -0.00093156473443
H            3.27588495159925        0.42365221074431       -0.00776653797929
H            2.24514163951855        1.56942071772055        0.88634890903577
H            2.23524083195683        1.58421281389729       -0.87214566410580
H           -2.23677796045314        1.58184640888964        0.87434807048823
H           -3.27593892414910        0.42350971407750        0.00542831949896
H           -2.24376192912795        1.57166346219903       -0.88419333421797
13
 energy: -23.830968315914 gnorm: 0.001532675007 xtb: 6.7.1 (edcfbbe)
O           -0.00002463603187        0.56991636448502       -0.00017887001604
O            1.35279900567708       -1.26140879568672       -0.00244448284006
O           -1.35278100583205       -1.26145804509925        0.00231383356400
C            1.21545317090289       -0.08072450594305       -0.00208683820338
C           -1.21547608784995       -0.08076786554189        0.00195176720195
C            2.31442592565302        0.94514670802430        0.00128985962436
C           -2.31448616407526        0.94506664833468       -0.00090069518253
H            3.27606871360955        0.44128316472764       -0.00706045823810
H            2.22615222140464        1.56999894493623        0.88709732318487
H            2.21767586765126        1.58491492699731       -0.87266245681259
H           -2.21923036565800        1.58261635142053        0.87486040773903
H           -3.27612081356066        0.44114479072139        0.00476410558233
H           -2.22475583189068        1.57217131262383       -0.88494349560384
13
 energy: -23.830975461763 gnorm: 0.001804913249 xtb: 6.7.1 (edcfbbe)
O           -0.00002491661788        0.56674982149327       -0.00008009810618
O            1.35462172228830       -1.26404254140891       -0.00202030240923
O           -1.35460627891399       -1.26408888441217        0.00183460607245
C            1.21531169556925       -0.08345715402495        0.00186386269357
C           -1.21533837525888       -0.08350085215714       -0.00190327400674
C            2.30922591330259        0.94570799417914        0.00140571465529
C           -2.30928684885691        0.94562535902868       -0.00103040911387
H            3.27480872900278        0.44969161088475       -0.00816687137400
H            2.21841017551054        1.56916984523480        0.88753440669594
H            2.20728083504074        1.58372555337147       -0.87324852932453
H           -2.20889049609406        1.58142931730881        0.87542397017579
H           -3.27486469155203        0.44955587362304        0.00579063656872
H           -2.21694746342048        1.57133405687924       -0.88540371252719
13
 energy: -23.830979371163 gnorm: 0.000689385714 xtb: 6.7.1 (edcfbbe)
O           -0.00002379754188        0.56630078985421       -0.00005966379115
O            1.35479116717417       -1.26420141755358       -0.00284727986563
O           -1.35477392359083       -1.26425083961254        0.00264528501599
C            1.21476478432010       -0.08392464334884       -0.00161177463593
C           -1.21478927636407       -0.08396801973265        0.00157156443159
C            2.30844761833371        0.94559983797865        0.00132569933001
C           -2.30851000245077        0.94551793017564       -0.00095117373417
H            3.27435492393177        0.45056946836711       -0.00716681528613
H            2.21612065421777        1.56905027087844        0.88746107998058
H            2.20739251552866        1.58392594552994       -0.87299133944078
H           -2.20899357779557        1.58164213683371        0.87515858828965
H           -3.27440898770767        0.45043413860663        0.00480345216657
H           -2.21467209805538        1.57120440202329       -0.88533762246059
