28
 energy: -47.251621828564 gnorm: 0.101935491375 xtb: 6.7.1 (edcfbbe)
C          -10.86348000000000        1.28095400000000       -1.25513600000000
C           -9.40666200000000        0.95928700000000       -1.35007900000000
O           -9.04802400000000       -0.20825700000000       -1.39299100000000
O           -8.50762400000000        1.98029900000000       -1.39581600000000
C           -7.12170000000000        1.88536400000000       -1.47431900000000
C           -6.57263200000000        1.21528300000000       -0.18839600000000
O           -6.76964200000000        1.17941200000000       -2.64287900000000
N           -6.58607600000000        3.23898400000000       -1.56811500000000
C           -5.21068800000000        3.58709900000000       -1.77640600000000
C           -4.20623300000000        2.62985200000000       -2.03999200000000
C           -2.88112600000000        3.02758400000000       -2.24228600000000
C           -2.53325000000000        4.38311600000000       -2.18757700000000
O           -1.25851400000000        4.77780700000000       -2.38082500000000
C           -3.51963900000000        5.33827300000000       -1.93238000000000
C           -4.84564600000000        4.94489300000000       -1.73136700000000
H          -11.47187200000000        0.35156100000000       -1.22954800000000
H          -11.16665800000000        1.88495300000000       -2.13553600000000
H          -11.05493400000000        1.86223100000000       -0.32931900000000
H           -6.96480600000000        0.18553500000000       -0.06679600000000
H           -6.87990800000000        1.80817600000000        0.69947600000000
H           -5.46898500000000        1.14689700000000       -0.18429900000000
H           -6.82225400000000        0.20697400000000       -2.45617300000000
H           -7.26016300000000        4.01665400000000       -1.48392800000000
H           -4.42296800000000        1.57540600000000       -2.10183100000000
H           -2.12513600000000        2.27904600000000       -2.44409900000000
H           -0.54695800000000        4.14691400000000       -2.56145000000000
H           -3.25955500000000        6.38859600000000       -1.89019700000000
H           -5.59254600000000        5.70424500000000       -1.53581400000000
28
 energy: -47.264696718890 gnorm: 0.052477737245 xtb: 6.7.1 (edcfbbe)
C          -10.82209318801936        1.30979699294492       -1.25754418910432
C           -9.37065740943581        0.96286151344537       -1.35575376831205
O           -8.98558516793602       -0.19157039406224       -1.40121272335919
O           -8.51413516250882        2.01176745810651       -1.38483095148620
C           -7.10605148848117        1.87932568299538       -1.45759387770274
C           -6.57688462392602        1.20369908351719       -0.17834413901613
O           -6.75968423066034        1.17044134416386       -2.62000083194513
N           -6.57560278928224        3.22158876436514       -1.56778182069756
C           -5.22604233481198        3.57080744873005       -1.78089029137709
C           -4.22148371253222        2.63271571628833       -2.03781318956573
C           -2.90626559555894        3.03073948850034       -2.23572402707922
C           -2.55155161928532        4.37668283943205       -2.18412359121436
O           -1.27674878304899        4.80070061184276       -2.37484472170174
C           -3.54255184882561        5.31809286444515       -1.92995503974201
C           -4.85751418522434        4.92009922047945       -1.73298455806280
H          -11.40203492577004        0.38342374235576       -1.23452241877445
H          -11.13628970813615        1.90642747170246       -2.11703975425753
H          -11.02618748145500        1.88228451337417       -0.34976462437582
H           -6.98215286822149        0.19299473759707       -0.07586356791981
H           -6.88427439606144        1.80123119411681        0.68334459785004
H           -5.48801070014259        1.15419730830787       -0.19619134965503
H           -6.84310448840276        0.21040269345368       -2.45345765677477
H           -7.24130060162908        3.98138636797790       -1.50190830986894
H           -4.44527622218083        1.58264520832542       -2.11297953496132
H           -2.15076651761264        2.28504929870959       -2.43912983904887
H           -0.59455271908669        4.13632157634059       -2.55365077843732
H           -3.27903441204266        6.36514221609145       -1.88909493557309
H           -5.60184181972145        5.67788303645299       -1.53842210783684
28
 energy: -47.270026091614 gnorm: 0.018286471549 xtb: 6.7.1 (edcfbbe)
C          -10.77515241232671        1.33556230063565       -1.26114169024211
C           -9.32696002963526        0.97490283379691       -1.35793249157242
O           -8.91789151305768       -0.16440105071138       -1.42101861344844
O           -8.51556891044324        2.04991310137859       -1.37322856228917
C           -7.08415892664522        1.87111227681234       -1.44835534933758
C           -6.58264278749852        1.19648966929357       -0.16545535612895
O           -6.76028586924450        1.15339382267616       -2.60211102045093
N           -6.56543330541902        3.20274642588017       -1.56883573132580
C           -5.24212273195285        3.55291715799050       -1.78271648387958
C           -4.23288008170107        2.63002253625153       -2.04112970358880
C           -2.92440933955693        3.03113519686191       -2.23403152874379
C           -2.57250447028310        4.37166343148193       -2.17989449640711
O           -1.29813639964530        4.82642792705241       -2.36589004939621
C           -3.57226371751168        5.30332824625876       -1.92744628390304
C           -4.87744718613984        4.90031795932022       -1.73230955635594
H          -11.34761140024326        0.41487922630919       -1.24154888287822
H          -11.07585075751798        1.93594770156859       -2.11051422065532
H          -10.96662309075505        1.90715522111510       -0.36188017946975
H           -6.99539768357412        0.19823114812294       -0.07882104393628
H           -6.89127047244721        1.79440152461021        0.68239377079485
H           -5.50302924453454        1.15365547516538       -0.19709622148242
H           -6.88624702955534        0.20338986318045       -2.45328650815333
H           -7.23331600354143        3.94678808077276       -1.52244512012711
H           -4.46305937124649        1.58226560289942       -2.12736742837994
H           -2.16762234493783        2.28704212512851       -2.43644036171263
H           -0.65877939180101        4.11557375847914       -2.54216691306481
H           -3.30597519778730        6.34816568888965       -1.88721532681443
H           -5.62503933099754        5.65411074877949       -1.54019264705077
28
 energy: -47.271064132166 gnorm: 0.011343075981 xtb: 6.7.1 (edcfbbe)
C          -10.75098374883591        1.35168336092469       -1.26321587038563
C           -9.30640281383386        0.98193338364851       -1.36903537911656
O           -8.89303640363798       -0.15406088095701       -1.44185055665922
O           -8.50735005690530        2.05913838412088       -1.36835120040321
C           -7.06887085645603        1.86153630386108       -1.44377107182993
C           -6.58063342490019        1.18936609632062       -0.15537038823464
O           -6.75734635110634        1.13919884767761       -2.59118993758435
N           -6.56128577381793        3.19120499993319       -1.56799443992416
C           -5.24583794386390        3.54584101161018       -1.78552691100283
C           -4.23429253026950        2.62544596744983       -2.04690779972896
C           -2.92727293347180        3.03187639620518       -2.23655152155066
C           -2.58532946102404        4.37391716918371       -2.17738418465941
O           -1.31111563585728        4.83715656450831       -2.35928594188240
C           -3.58958865662493        5.30357680856527       -1.92652054998097
C           -4.89172709954065        4.89636590074824       -1.73376782297311
H          -11.33657478298545        0.43898211916660       -1.24489100691203
H          -11.03588634797115        1.96346328540331       -2.11210605965800
H          -10.92098608411427        1.92804518527212       -0.36050601798557
H           -6.99689429779086        0.19153995555333       -0.07110886122006
H           -6.89636326642011        1.79131068483885        0.68897726888482
H           -5.49962824355670        1.14466885166385       -0.18036057134266
H           -6.92694023752417        0.19099518092518       -2.45227598157580
H           -7.24136432446318        3.92895678783427       -1.54042200899234
H           -4.46654309768412        1.57794952332013       -2.13824171910266
H           -2.16890883214618        2.28931867172209       -2.43969069398922
H           -0.69442603094031        4.10660954888880       -2.53401539134481
H           -3.32496115523455        6.34841423314962       -1.88571699628069
H           -5.64712860902334        5.64270365846180       -1.54099638456499
28
 energy: -47.271526426596 gnorm: 0.008644181040 xtb: 6.7.1 (edcfbbe)
C          -10.73630785895224        1.36814719885299       -1.26561939661755
C           -9.29625150404373        0.98301788994022       -1.37398960895056
O           -8.88981227095659       -0.15475484727215       -1.47066086153437
O           -8.49686811209554        2.05312428719613       -1.35882965097354
C           -7.05528994674054        1.84799370192151       -1.44033757665930
C           -6.57428572020302        1.18239534444715       -0.14561007408134
O           -6.75189044783729        1.12130756597160       -2.58121874439365
N           -6.55687387769125        3.17848418707267       -1.56600508326557
C           -5.24445691986939        3.54159820295170       -1.78934523129728
C           -4.23152412151749        2.62232590499552       -2.05368659613294
C           -2.92537786600719        3.03608112664618       -2.24096184244321
C           -2.59508242238579        4.38095059845078       -2.17627459438112
O           -1.31990545170603        4.84608482219396       -2.35310520852979
C           -3.60263282311619        5.30908316989396       -1.92709770089804
C           -4.90302818767456        4.89607319591284       -1.73647089810750
H          -11.34508428845071        0.46952218122515       -1.25229496938772
H          -11.00322114501298        1.99564055935687       -2.11250730571677
H          -10.88540641238245        1.94681855894353       -0.35774156895141
H           -6.98976787908261        0.18267009166177       -0.05871414398515
H           -6.89742027369854        1.78690498015391        0.69702868450050
H           -5.49093326658673        1.13481243062935       -0.15809156749813
H           -6.96792246612615        0.17722671107536       -2.44914218947490
H           -7.25050652591327        3.90876556114166       -1.56101151728736
H           -4.46401930553172        1.57477137485773       -2.14646599080519
H           -2.16438235903432        2.29641452895094       -2.44508572933437
H           -0.71965739345459        4.10438864553359       -2.52581700451083
H           -3.34137025876471        6.35463104381042       -1.88538557898304
H           -5.66839989516447        5.63265898348503       -1.54363605029996
28
 energy: -47.271724346001 gnorm: 0.007750380883 xtb: 6.7.1 (edcfbbe)
C          -10.73195941361320        1.38210750742508       -1.26633792970490
C           -9.29673376044888        0.98072566289546       -1.38341234362250
O           -8.90156857796172       -0.16096703211139       -1.49080696454113
O           -8.48905876875639        2.04115634289510       -1.35146112687765
C           -7.04689066025129        1.83618063254959       -1.43676518898942
C           -6.56824129260734        1.17511028215296       -0.13857647791166
O           -6.74548633016718        1.10657577056889       -2.57337499635176
N           -6.55291807508755        3.16864151634678       -1.56253495024848
C           -5.24149611302289        3.53908905814477       -1.79172161985602
C           -4.22714590362699        2.62158846231812       -2.05722209297151
C           -2.92220407152480        3.04191775971490       -2.24405040757972
C           -2.59996730142163        4.38888791792825       -2.17657933645767
O           -1.32345024710270        4.85305022242932       -2.34985404231409
C           -3.60994651243643        5.31481319290002       -1.92915845433116
C           -4.90919348584665        4.89610115435830       -1.73962658541483
H          -11.35840247773234        0.49540182951974       -1.25497017858475
H          -10.98969103752544        2.01804764402303       -2.11068712013849
H          -10.86732359133673        1.96154002960194       -0.35571845796185
H           -6.98140294584287        0.17345648727114       -0.04934590380537
H           -6.89581035603744        1.78085884187937        0.70247909528957
H           -5.48375471449726        1.12700152768230       -0.14280370130905
H           -6.99063768944476        0.16902808872195       -2.44453616591533
H           -7.25467340543470        3.89239992703150       -1.57778802409606
H           -4.45798871132243        1.57371591325742       -2.14927678690966
H           -2.15800599232197        2.30595044140607       -2.44925416701421
H           -0.72977762928507        4.10798305980034       -2.52026494337586
H           -3.35243329416196        6.36133164748636       -1.88701924183237
H           -5.68151664118147        5.62544411180314       -1.54740988717419
28
 energy: -47.271874953228 gnorm: 0.006748356420 xtb: 6.7.1 (edcfbbe)
C          -10.73110945136167        1.39845270938274       -1.26803157902957
C           -9.30112399536391        0.97794698569721       -1.38639864890438
O           -8.92096076502717       -0.16843876885321       -1.51351092003555
O           -8.48114334111701        2.02699268251366       -1.33842021910658
C           -7.03966109669233        1.82343320191463       -1.43067634531332
C           -6.56050975044410        1.16555376472825       -0.13109056902630
O           -6.73991159032523        1.09025636886329       -2.56459717837596
N           -6.54822332483762        3.15806808089921       -1.55608644265974
C           -5.23819274264696        3.53543900603702       -1.79330836177929
C           -4.22103910674537        2.62149636301980       -2.05845598755814
C           -2.91834453944354        3.04951389878826       -2.24597338248981
C           -2.60354709332041        4.39849353409463       -2.17790353407486
O           -1.32585374792247        4.86217519384452       -2.34854087204105
C           -3.61693161716654        5.32048336812435       -1.93323615247314
C           -4.91448197323367        4.89450832017640       -1.74421805913496
H          -11.37242970010713        0.52284104205538       -1.26107234841409
H          -10.98028584083533        2.04200179702028       -2.10904872501208
H          -10.85788367939923        1.97511332709162       -0.35511561739811
H           -6.97221110893924        0.16279070029430       -0.04088878916323
H           -6.89048869065928        1.77170630780123        0.70838855694051
H           -5.47584169687325        1.11794662317884       -0.13154192377658
H           -7.01245295282184        0.16161105030201       -2.43990701713168
H           -7.25605037071244        3.87460608429623       -1.59704839869730
H           -4.44808060528984        1.57281366777296       -2.14826031511137
H           -2.14945331545822        2.31881148665427       -2.45198572388578
H           -0.73389736143309        4.11655969772027       -2.51559730020837
H           -3.36487693525073        6.36845812804239       -1.89183951554496
H           -5.69269260657254        5.61750337854008       -1.55371263059451
28
 energy: -47.271982273360 gnorm: 0.005818010541 xtb: 6.7.1 (edcfbbe)
C          -10.73177214880648        1.41308284156400       -1.26975067240835
C           -9.30651909074205        0.97765379295006       -1.39230654868014
O           -8.93857430039879       -0.17148054192175       -1.52660429950216
O           -8.47482582856491        2.01713593847415       -1.32817776757012
C           -7.03465782472950        1.81309576443123       -1.42291820577928
C           -6.55408985282654        1.15462277158519       -0.12418914644889
O           -6.73409149529855        1.07861698212248       -2.55687575679724
N           -6.54366053421449        3.14892866810265       -1.54576476734351
C           -5.23555410385961        3.53052362662355       -1.79147068863156
C           -4.21462519144141        2.62109018925977       -2.05547165511329
C           -2.91482683400530        3.05606341617285       -2.24541179988982
C           -2.60574400949592        4.40676456857284       -2.18007680743687
O           -1.32839486175391        4.87271672426361       -2.35062000325822
C           -3.62320854957520        5.32406354996475       -1.93869157639438
C           -4.91847819189443        4.89103700804940       -1.74839956899128
H          -11.38112623519756        0.54427718958125       -1.26375409177043
H          -10.97674592139429        2.05868056204832       -2.10910736212056
H          -10.85316056765019        1.98896054167061       -0.35649040400003
H           -6.96581574419916        0.15187228083756       -0.03579637090600
H           -6.88417232835525        1.75981210373449        0.71489550856345
H           -5.46997056754296        1.10752580027552       -0.12534955431621
H           -7.03425536236567        0.15766405371596       -2.44088004563414
H           -7.25510247908931        3.85933825507756       -1.61646600906221
H           -4.43668048677707        1.57113340379349       -2.14238126073514
H           -2.14103975060385        2.33061155511152       -2.45147374330271
H           -0.73288159689687        4.12921457004813       -2.51371727458742
H           -3.37742555677764        6.37370913740787       -1.90004636523603
H           -5.70027958554330        5.61042324648364       -1.56078176264768
28
 energy: -47.272091026997 gnorm: 0.004467847609 xtb: 6.7.1 (edcfbbe)
C          -10.73230099245303        1.42812972640513       -1.27216137008607
C           -9.31128639757292        0.97968607398540       -1.39200054503959
O           -8.95373023977314       -0.17090552481799       -1.54210765104662
O           -8.46916066263178        2.01096774800858       -1.31376785358136
C           -7.03144705971317        1.80400231810628       -1.41220407497078
C           -6.54768303548499        1.14061529546080       -0.11720475691477
O           -6.73194075315136        1.06992336660084       -2.54945164506909
N           -6.53898485355355        3.14008055977668       -1.52941696486267
C           -5.23345829023153        3.52365476881818       -1.78713462103440
C           -4.20726716037345        2.61953980928036       -2.04779712800550
C           -2.91096086767330        3.06159831772833       -2.24175956989548
C           -2.60780838371685        4.41430758995730       -2.18363818912268
O           -1.33299662863234        4.88628632548759       -2.35694234904459
C           -3.63065203250141        5.32611879991098       -1.94718812729102
C           -4.92282359575858        4.88559570941132       -1.75374904327334
H          -11.38730229699013        0.56401560538609       -1.26970327309465
H          -10.97147017027921        2.07647645913019       -2.11051309693693
H          -10.85182144253900        2.00259016998278       -0.35871905723635
H           -6.96108427116872        0.13872883539546       -0.03250646379216
H           -6.87500336884421        1.74350577626508        0.72357946451629
H           -5.46438402875626        1.09290614991245       -0.12312283231375
H           -7.05812765369113        0.15818563498338       -2.44593420184886
H           -7.25254967561622        3.84386400848559       -1.64020713135224
H           -4.42262660928306        1.56754885528464       -2.12911240894470
H           -2.13171114262648        2.34150531567238       -2.44621817214358
H           -0.72909813150530        4.14742758873416       -2.51439572020675
H           -3.39274955370296        6.37784471960379       -1.91448707590738
H           -5.70724970177615        5.60293799704508       -1.57021414150126
28
 energy: -47.272200958478 gnorm: 0.004954476725 xtb: 6.7.1 (edcfbbe)
C          -10.73125259017967        1.44148271488310       -1.27442559653314
C           -9.31364276018838        0.98424123336849       -1.39292309912971
O           -8.96225954368217       -0.16581266037294       -1.55338451604689
O           -8.46412658829201        2.00959543715292       -1.30096577895940
C           -7.02943691643941        1.79746065272604       -1.39986663013561
C           -6.54364825824200        1.12332954643167       -0.11110861674099
O           -6.73038699980537        1.06859153402500       -2.54392166132929
N           -6.53402121444589        3.13313229758420       -1.50483005460725
C           -5.23122230482754        3.51611676837817       -1.77839242135396
C           -4.19946215017142        2.61691494689862       -2.03355154664194
C           -2.90669946415427        3.06521920801401       -2.23427640094188
C           -2.61001719256576        4.42019362135301       -2.18927430895885
O           -1.34035556865510        4.90169601694369       -2.36895007883195
C           -3.63881006328405        5.32700270604175       -1.95964698060045
C           -4.92722733742270        4.87972675506123       -1.75976323669170
H          -11.39017882938431        0.58036373048348       -1.27337502919567
H          -10.96558093932112        2.08997677585287       -2.11374200191629
H          -10.84988437129348        2.01773260307821       -0.36214681544054
H           -6.96028295018996        0.12268395782035       -0.03300625849647
H           -6.86593351045975        1.72183601565440        0.73436311316254
H           -5.46103773682794        1.07297918715870       -0.12305355273646
H           -7.08665572895269        0.16558124553546       -2.45919088596931
H           -7.24787408938982        3.82903217261148       -1.66488754082717
H           -4.40744262984785        1.56233795157478       -2.10555108128593
H           -2.12248813169966        2.34916841406933       -2.43424559983990
H           -0.72457320736190        4.16947893963587       -2.51900317890128
H           -3.40923908117454        6.38088351661730       -1.93711554083831
H           -5.71393884174155        5.59619271141970       -1.58184270021258
28
 energy: -47.272309215060 gnorm: 0.006821423428 xtb: 6.7.1 (edcfbbe)
C          -10.72951718736693        1.44969047110164       -1.27570729634095
C           -9.31328572611089        0.99022445085777       -1.39129660254305
O           -8.96245711961456       -0.15778469853576       -1.56312664208730
O           -8.46146567169300        2.01365382968128       -1.28968077554847
C           -7.03015441108785        1.79631168864013       -1.38787164105036
C           -6.54352010492728        1.10473876344410       -0.10856165660005
O           -6.73243024725752        1.07869010039559       -2.54285141414040
N           -6.53033431683696        3.13162221015463       -1.47333410439429
C           -5.22919425738207        3.51036700754064       -1.76573302321941
C           -4.19297089281260        2.61399837859232       -2.01212357534603
C           -2.90287605530015        3.06576837091408       -2.22258826377467
C           -2.61189672143338        4.42264715724937       -2.19716064451999
O           -1.34939091385790        4.91474231255661       -2.38731782976475
C           -3.64577512764103        5.32663737673997       -1.97641485294376
C           -4.93057749610009        4.87546433770570       -1.76660521805796
H          -11.38934004469626        0.58897829056192       -1.27528324477198
H          -10.96043745674556        2.09662542581095       -2.11762300655070
H          -10.84992320870710        2.02922626313809       -0.36537693234434
H           -6.96540945156448        0.10572892557744       -0.04019963871864
H           -6.85861545883525        1.69617713509748        0.74495183491328
H           -5.46141196885079        1.04882651295444       -0.12657990322688
H           -7.10463500835989        0.18395852611663       -2.47761624204034
H           -7.24047055282967        3.81856999145804       -1.68253206159977
H           -4.39418653721698        1.55671512574312       -2.07003141594746
H           -2.11560945006301        2.35076274777194       -2.41434232435593
H           -0.72015080241411        4.19026803767055       -2.52885167782577
H           -3.42284817983852        6.38216728452749       -1.96886279106872
H           -5.71879463045656        5.59236197653478       -1.59535705613175
28
 energy: -47.272392234464 gnorm: 0.006480878735 xtb: 6.7.1 (edcfbbe)
C          -10.72554952984928        1.45320572695328       -1.27626794816819
C           -9.30906517359899        0.99478928103949       -1.39089145904801
O           -8.95615749453792       -0.15149670886717       -1.57265420316486
O           -8.45880743746354        2.01873866005827       -1.28290842202894
C           -7.02882265763387        1.79803053120691       -1.37837157690581
C           -6.54690941032782        1.08816113535551       -0.10757905526349
O           -6.72972832037937        1.09516032064701       -2.54320525610374
N           -6.52673870448677        3.13413118348147       -1.44206202981107
C           -5.22630239599183        3.50861358475332       -1.75147872252006
C           -4.18837232869346        2.61258482730528       -1.98922396886512
C           -2.89985580741217        3.06550008390565       -2.21097641260246
C           -2.61403931462865        4.42349724729716       -2.20554881838897
O           -1.35746945101245        4.92252351926896       -2.40700206221672
C           -3.65087554674438        5.32733053521155       -1.99344633719118
C           -4.93287468207635        4.87511372870753       -1.77249578315234
H          -11.38647433089903        0.59289440755757       -1.27427964222067
H          -10.95499057286450        2.09826671194026       -2.12082892653321
H          -10.84580327972903        2.03672183286893       -0.36786925282957
H           -6.97476624800027        0.09065980010072       -0.05048225181949
H           -6.85754992630381        1.67195189988131        0.75345514204972
H           -5.46498117616761        1.02534197068981       -0.12619962392728
H           -7.12419914741088        0.20411327298551       -2.49843176909466
H           -7.23368007239954        3.81196119770545       -1.69198125949215
H           -4.38565067148020        1.55362640678647       -2.03274403278609
H           -2.11188289577183        2.34903337553231       -2.39421837696427
H           -0.72153229465431        4.20191093633112       -2.54111827044253
H           -3.43114218237220        6.38350124986537       -2.00181836367827
H           -5.72345794711035        5.59127128143185       -1.60744931683111
28
 energy: -47.272479450764 gnorm: 0.006721431008 xtb: 6.7.1 (edcfbbe)
C          -10.72339398093586        1.44672726767534       -1.27461669405871
C           -9.30369617296852        0.99785988494122       -1.39131013152722
O           -8.94313027953220       -0.14609520793684       -1.57188254639331
O           -8.46070049518660        2.02685025918372       -1.28625396852420
C           -7.03004404592437        1.80651325433307       -1.37643924883927
C           -6.55584736947571        1.07893963921508       -0.11330558859252
O           -6.72876646820841        1.12075582783328       -2.55020629278081
N           -6.52669761346858        3.14422912245735       -1.41928715945537
C           -5.22440240574860        3.51256317553992       -1.73797373949276
C           -4.18831932959898        2.61320911588584       -1.96755796472690
C           -2.89918985883233        3.06224112366057       -2.20000550264923
C           -2.61462297102575        4.41960095452421       -2.21292650218092
O           -1.36189006851366        4.91969704117201       -2.42645979128588
C           -3.65063457144834        5.32706116382218       -2.00683236967995
C           -4.93179546233834        4.87912588444418       -1.77492173629170
H          -11.38045376286703        0.58323890748405       -1.26650851893896
H          -10.95732593719084        2.08618679033793       -2.12287279760607
H          -10.84417153538716        2.03574178080112       -0.36903978743619
H           -6.99042497798016        0.08323462681955       -0.06778756600338
H           -6.86387091168221        1.65472172393515        0.75477656233320
H           -5.47391951196075        1.00747669446352       -0.12841434433837
H           -7.11029420716928        0.22848480098607       -2.51297631629375
H           -7.22739435850112        3.81651325749492       -1.68129824600903
H           -4.38545017281519        1.55404768245519       -1.99795291636407
H           -2.11422975118591        2.34059550779587       -2.37539414089192
H           -0.72550346777926        4.19979245543029       -2.55666046670905
H           -3.42844211562307        6.38225956311218       -2.02989425377817
H           -5.72306719665220        5.59556570213383       -1.61407597148609
28
 energy: -47.272539004349 gnorm: 0.005873438623 xtb: 6.7.1 (edcfbbe)
C          -10.72145420399242        1.44587629580189       -1.27290377467983
C           -9.30089721588527        0.99888802395744       -1.39579672473325
O           -8.93982680527628       -0.14508251112690       -1.58360965661299
O           -8.45943779008825        2.02813880298399       -1.28531030749485
C           -7.02698178382829        1.80982676854996       -1.37173692208705
C           -6.56126656581659        1.06798218352979       -0.11473219663790
O           -6.72246092886364        1.13916554683505       -2.55175375722489
N           -6.52444301368936        3.14998786992050       -1.39549888890969
C           -5.22151282003272        3.51652823277994       -1.72448967511123
C           -4.18685954723487        2.61507413929562       -1.94787467537734
C           -2.89832647947582        3.06282532209014       -2.19129927885219
C           -2.61637316975047        4.41989220902754       -2.21982698596939
O           -1.36469803272848        4.91728629576393       -2.44460716442402
C           -3.65175166149851        5.32959080492855       -2.01838951294321
C           -4.93178514662957        4.88351670485252       -1.77672256097555
H          -11.37859890930391        0.58265185398550       -1.25997319491521
H          -10.95962509703857        2.08335493008708       -2.12160682535318
H          -10.83759929305936        2.03688550600239       -0.36801623938453
H           -7.00140727512223        0.07383858715935       -0.08117106243167
H           -6.87007823012164        1.63642312636404        0.75777461608962
H           -5.47953191489211        0.98927562262720       -0.12397631022619
H           -7.10181721697027        0.24663844403572       -2.52302573156926
H           -7.22702510556276        3.81721731086547       -1.68895794458836
H           -4.38330124027879        1.55586689229079       -1.96699546057553
H           -2.11487449020576        2.33879591581974       -2.36297879803028
H           -0.73241235057288        4.19446423262655       -2.57106626721678
H           -3.42822854706397        6.38415646527800       -2.05415109097216
H           -5.72510416501768        5.59807242366891       -1.61938160879373
28
 energy: -47.272593829723 gnorm: 0.003870907697 xtb: 6.7.1 (edcfbbe)
C          -10.72223056786657        1.43885711681936       -1.27171730427367
C           -9.29993692619245        0.99696160686049       -1.39950181037516
O           -8.93781152910920       -0.14731506972549       -1.58804898376724
O           -8.46084470495730        2.02790003875362       -1.29051321778822
C           -7.02485950997947        1.81438845879458       -1.37452745155526
C           -6.56545690900697        1.07082662000491       -0.11758616769535
O           -6.71716156737966        1.14997360514846       -2.55449621208533
N           -6.52501671014762        3.15616070247441       -1.39379827396502
C           -5.22115487090792        3.52315889408129       -1.72120755103675
C           -4.18942780414323        2.61870487250284       -1.94373313206199
C           -2.90020634314467        3.06288652049231       -2.18933554135092
C           -2.61595924872265        4.41864747685746       -2.22161104119728
O           -1.36047655083996        4.90687054593058       -2.45156294627026
C           -3.64794054901885        5.33144644969727       -2.01903291804728
C           -4.92883493216995        4.88900343297554       -1.77416450292438
H          -11.37499279429110        0.57295810224326       -1.25474876706362
H          -10.96821596987632        2.07443486187414       -2.11913447767151
H          -10.83606355479657        2.02819412715592       -0.36633190507789
H           -7.00702896029943        0.07766014123862       -0.08840076409529
H           -6.87928968244286        1.63749414929447        0.75344375083281
H           -5.48398354081771        0.99035968074869       -0.11977763042875
H           -7.08675024501156        0.24969496023765       -2.52435578840595
H           -7.22726456087163        3.82509476595025       -1.67286772958805
H           -4.38787989499399        1.56051667939137       -1.95884798038020
H           -2.11897304898961        2.33690564948092       -2.36198857612028
H           -0.73799277145174        4.17683962671619       -2.57892250417077
H           -3.42038141453049        6.38483112158222       -2.05793906312498
H           -5.72154383804096        5.60368286241930       -1.61736951031202
28
 energy: -47.272622035878 gnorm: 0.002633871749 xtb: 6.7.1 (edcfbbe)
C          -10.72344110053803        1.43663661570136       -1.27130196219532
C           -9.30077668005292        0.99783917105543       -1.40261410382701
O           -8.93837049810608       -0.14523285250981       -1.59469345745646
O           -8.46181458312179        2.02870220261650       -1.29004543906385
C           -7.02468281363268        1.81702604128071       -1.37315897763283
C           -6.56740611679430        1.06811479789328       -0.11850390355035
O           -6.71603623497655        1.15779314620991       -2.55607427887577
N           -6.52473928158034        3.15926537434134       -1.38482528277817
C           -5.22125423675519        3.52535487686781       -1.71632251979993
C           -4.18951123303266        2.61994353814897       -1.93598931176168
C           -2.90109123280880        3.06303585980686       -2.18537028302382
C           -2.61585030948055        4.41892043126427       -2.22487350685050
O           -1.35916995937190        4.90339503832321       -2.46096781708980
C           -3.64691160339420        5.33255259752675       -2.02345024893609
C           -4.92748457805054        4.89078922668221       -1.77462732405497
H          -11.37229998672096        0.56796203723150       -1.25222664935936
H          -10.97496189377205        2.07040191562532       -2.11805398231101
H          -10.83685702634571        2.02533632331357       -0.36587766788937
H           -7.01010522627452        0.07552195354476       -0.09461858047039
H           -6.88247216219854        1.63184248553863        0.75384981505268
H           -5.48633972421413        0.98685059724985       -0.11907261402180
H           -7.07702692332030        0.25439390900818       -2.52811547845966
H           -7.22565775081534        3.82838816184025       -1.66664494366591
H           -4.38692866507411        1.56136681334755       -1.94557893963692
H           -2.11956124968819        2.33690720826289       -2.35649475667675
H           -0.73854787990130        4.17089398337858       -2.58643190778648
H           -3.41950799159738        6.38600340472971       -2.06666889456042
H           -5.71887205838141        5.60713314172098       -1.61932498331872
28
 energy: -47.272648860322 gnorm: 0.002056593529 xtb: 6.7.1 (edcfbbe)
C          -10.72442886149942        1.43427263717013       -1.27057295028645
C           -9.30126407262941        0.99990371931656       -1.40802989019055
O           -8.93782782589336       -0.14071214365685       -1.61175207280487
O           -8.46319332738745        2.03086104090091       -1.28667871082010
C           -7.02471580474424        1.82088916229568       -1.36987663882631
C           -6.56969237107252        1.06397823886231       -0.11873698075338
O           -6.71485247481542        1.16875631222854       -2.55679246259797
N           -6.52446819022823        3.16289706026708       -1.37207993613234
C           -5.22202291771566        3.52731187316469       -1.70948443663900
C           -4.18947641247445        2.62103580807587       -1.92517424239769
C           -2.90274473421346        3.06287430020017       -2.18085114872407
C           -2.61628745827011        4.41888257067640       -2.22973856738581
O           -1.35833538326388        4.89868784722477       -2.47406408372595
C           -3.64641061762080        5.33319151581390       -2.03033871525455
C           -4.92648407947562        4.89197163963612       -1.77619269759156
H          -11.36869749288899        0.56173101562021       -1.25012001518647
H          -10.98335327262789        2.06727893310864       -2.11563543914882
H          -10.83700461171688        2.02156506127782       -0.36421200924445
H           -7.01290958360036        0.07169404534950       -0.10222181904569
H           -6.88691794622589        1.62292007409117        0.75590724937045
H           -5.48892998899105        0.98307109734461       -0.11738905499147
H           -7.06228470627550        0.26045424627936       -2.53159755575176
H           -7.22359734915218        3.83289871179793       -1.65716251603448
H           -4.38518410973067        1.56199973905295       -1.92755651389537
H           -2.11996200267687        2.33712490569401       -2.34867783462885
H           -0.74019093936211        4.16327941632074       -2.59690806632876
H           -3.42069763981370        6.38689864141882       -2.07909056606524
H           -5.71574482563435        5.61142053046847       -1.62305032491919
28
 energy: -47.272660715193 gnorm: 0.001747488829 xtb: 6.7.1 (edcfbbe)
C          -10.72430652276829        1.43301620979552       -1.27028521830542
C           -9.30066367760051        1.00188752943843       -1.41234875408358
O           -8.93589715584360       -0.13637050140714       -1.62424109062775
O           -8.46374668877402        2.03278271473224       -1.28357541081575
C           -7.02486635039627        1.82342067479934       -1.36716448970660
C           -6.57145489226283        1.06088871265534       -0.11858668450268
O           -6.71381599781942        1.17687394327399       -2.55683327055270
N           -6.52416024763429        3.16505145486842       -1.36336021971426
C           -5.22235960244102        3.52814564915567       -1.70470865934380
C           -4.18938022842042        2.62135675537824       -1.91803306579547
C           -2.90363348412005        3.06225162848941       -2.17814207683942
C           -2.61692873550269        4.41824066210918       -2.23318208918190
O           -1.35910150114967        4.89604923800372       -2.48235024106746
C           -3.64669440011348        5.33296015117314       -2.03562945410728
C           -4.92642296572594        4.89220058710078       -1.77760837233875
H          -11.36651439379898        0.55872025475547       -1.24866607311016
H          -10.98744210606693        2.06552968526417       -2.11456593126318
H          -10.83593442730341        2.01995363736928       -0.36341254256345
H           -7.01438140094286        0.06833511257425       -0.10734773843913
H           -6.89035053149829        1.61571126703993        0.75823308054223
H           -5.49061800903651        0.98065185816582       -0.11572151230549
H           -7.05281668623803        0.26511967054715       -2.53370544514283
H           -7.22240337561358        3.83574479665746       -1.64961110917620
H           -4.38420356660845        1.56216747127890       -1.91564968650153
H           -2.12033420980066        2.33652905532912       -2.34369430055335
H           -0.74197460231251        4.15964837910366       -2.60340314195425
H           -3.42264874975021        6.38682080233507       -2.08852141635283
H           -5.71462449045756        5.61345060001391       -1.62596308619769
28
 energy: -47.272673881605 gnorm: 0.001721535018 xtb: 6.7.1 (edcfbbe)
C          -10.72320445665666        1.43280830413159       -1.27051670517830
C           -9.29907448341479        1.00517059260871       -1.41916802659286
O           -8.93285151025095       -0.12926603827539       -1.64853700556297
O           -8.46359894748196        2.03515202545087       -1.27549448477571
C           -7.02504276660881        1.82608351645619       -1.36158833413019
C           -6.57311427822157        1.05557004444023       -0.11731744516551
O           -6.71296008688129        1.18815208164527       -2.55526728800620
N           -6.52322941929969        3.16708018310351       -1.35004579305120
C           -5.22256317318613        3.52866180210057       -1.69802211498327
C           -4.18912457223844        2.62132933961247       -1.90840908447064
C           -2.90457578075144        3.06106589054947       -2.17484262220731
C           -2.61854379053300        4.41697386606322       -2.23886473397071
O           -1.36215501632480        4.89364841311397       -2.49370966761761
C           -3.64838802775321        5.33202139226897       -2.04468487961389
C           -4.92747489964810        4.89191462640848       -1.78075374164595
H          -11.36415107296808        0.55753787400114       -1.24844417163818
H          -10.99036539220777        2.06565509885816       -2.11356905820930
H          -10.83286264720569        2.01887837273939       -0.36260686663786
H           -7.01429332101829        0.06203850624504       -0.11373081392766
H           -6.89539648455246        1.60359339587221        0.76276187569599
H           -5.49193695901198        0.97745695953867       -0.11171510765490
H           -7.04066249600555        0.27173856128499       -2.53493942498629
H           -7.22095456337850        3.83900275884108       -1.63513273102229
H           -4.38282835370556        1.56203021496959       -1.89885698998816
H           -2.12099196820311        2.33507770857813       -2.33734371454375
H           -0.74510615703201        4.15689060297719       -2.61130546648496
H           -3.42729173539130        6.38602347748017       -2.10444671281051
H           -5.71493664006936        5.61484842893655       -1.63152689082058
28
 energy: -47.272682239130 gnorm: 0.001414345698 xtb: 6.7.1 (edcfbbe)
C          -10.72225131166484        1.43493728282699       -1.27203274992982
C           -9.29840664828777        1.00640324275117       -1.42128686708125
O           -8.93292607415726       -0.12659379165359       -1.65500630527225
O           -8.46229755043317        2.03451804125482       -1.27106814478857
C           -7.02466235419178        1.82515360735065       -1.35870108404678
C           -6.57283646687542        1.05226023769395       -0.11603909334175
O           -6.71271725095759        1.19029219653827       -2.55373340043122
N           -6.52203006252298        3.16627319145582       -1.34506534384162
C           -5.22202977784391        3.52812084978114       -1.69580141591616
C           -4.18859373429333        2.62100705623240       -1.90576491437214
C           -2.90422369630871        3.06096101141354       -2.17420849534238
C           -2.61955779791420        4.41676101264401       -2.24115189797521
O           -1.36482232103825        4.89540351447580       -2.49702754636675
C           -3.65022234898031        5.33147770359459       -2.04846529655231
C           -4.92878504998312        4.89144301217334       -1.78231511351853
H          -11.36448635044120        0.56082156025993       -1.24946126665487
H          -10.98833737378248        2.06741767215397       -2.11567185145048
H          -10.83073588014285        2.02191070027728       -0.36459917520772
H           -7.01255390403404        0.05796115772563       -0.11519087180703
H           -6.89696359382733        1.59751350588923        0.76505452075742
H           -5.49150152523893        0.97561711321848       -0.10907636237239
H           -7.04056933180891        0.27365688336506       -2.53496657029948
H           -7.22054131674599        3.83859191769885       -1.62741600881011
H           -4.38192609295744        1.56176246377450       -1.89415701626589
H           -2.12104218504677        2.33451664168441       -2.33624974548640
H           -0.74564903737459        4.16007244620706       -2.61268448974016
H           -3.42985746268725        6.38535828079943       -2.11163803996009
H           -5.71715250046009        5.61351948841369       -1.63435345392685
28
 energy: -47.272691185599 gnorm: 0.001618366799 xtb: 6.7.1 (edcfbbe)
C          -10.72094572946547        1.44000276234881       -1.27514327045831
C           -9.29797120355387        1.00775467025160       -1.42420363477789
O           -8.93523303750892       -0.12434045317693       -1.66981613077080
O           -8.45970100420469        2.03238842485123       -1.26214641106195
C           -7.02309712838302        1.82246850431965       -1.35294134735474
C           -6.57133975224915        1.04602510814446       -0.11272679059667
O           -6.71234322102037        1.19203038318088       -2.55014195250907
N           -6.51944944747787        3.16399512004558       -1.33622441751494
C           -5.22114207983543        3.52712736244642       -1.69259516156330
C           -4.18737916003874        2.62067080840521       -1.90168343497011
C           -2.90349129969080        3.06161700623201       -2.17327117372036
C           -2.62155576031782        4.41738676614642       -2.24541882616334
O           -1.36889809482180        4.89922481609199       -2.50371681496516
C           -3.65385275627737        5.33133363401988       -2.05524235560590
C           -4.93119984725334        4.89093121640462       -1.78531707242891
H          -11.36562947328804        0.56797871170181       -1.25293902459193
H          -10.98443555147221        2.07242579506742       -2.11960265439471
H          -10.82792196556411        2.02781700386060       -0.36837753740875
H           -7.00904528065882        0.05076635655158       -0.11658169221927
H           -6.89894759425732        1.58725825479244        0.76944420415140
H           -5.48992235695741        0.97163120639314       -0.10320173954433
H           -7.04251814911199        0.27590802303058       -2.53435640221442
H           -7.21967251554870        3.83715035571275       -1.61184797916316
H           -4.37951310248973        1.56128440745919       -1.88602370934966
H           -2.12057803928680        2.33469100893184       -2.33460637070246
H           -0.74644230144329        4.16574614024281       -2.61567089332724
H           -3.43392362555084        6.38491669761686       -2.12417651694160
H           -5.72152952227264        5.61094790892757       -1.63954888983327
28
 energy: -47.272699015229 gnorm: 0.000664683054 xtb: 6.7.1 (edcfbbe)
C          -10.72121540305378        1.44091732178993       -1.27640716807810
C           -9.29845931406602        1.00816563075171       -1.42461868717604
O           -8.93617441467051       -0.12487209453943       -1.66499449094555
O           -8.45956303562469        2.03236008700699       -1.26369317965554
C           -7.02232633523552        1.82182586700947       -1.35254024159324
C           -6.57182456698928        1.04422157196815       -0.11244212632270
O           -6.71076162108694        1.19147522064656       -2.54972871917493
N           -6.51830096847791        3.16301752513629       -1.33469774997900
C           -5.22077716720961        3.52670509834054       -1.69184182443714
C           -4.18631666237882        2.62090023509574       -1.90054595529979
C           -2.90307874624114        3.06243885539173       -2.17323401210278
C           -2.62182707956251        4.41824273497648       -2.24654295809821
O           -1.36883857071655        4.89995644390743       -2.50604104578487
C           -3.65443711285932        5.33171049670784       -2.05630063645780
C           -4.93121716376574        4.89061720193637       -1.78530608542357
H          -11.36568535487928        0.56856825374486       -1.25210608715302
H          -10.98519063515461        2.07120839941259       -2.12237694072065
H          -10.82834222854875        2.03086274141618       -0.37098658446877
H           -7.01012117226537        0.04941460514263       -0.11741160404581
H           -6.89940171740974        1.58508104802586        0.76998623562305
H           -5.49052146858774        0.96921480813817       -0.10271431556061
H           -7.04468686937890        0.27721379803470       -2.53657619253504
H           -7.21914865276527        3.83787013007731       -1.60679388996449
H           -4.37742131091027        1.56138888826848       -1.88370380550818
H           -2.11934103010818        2.33617033918617       -2.33360868182491
H           -0.74631065642192        4.16658029985818       -2.61757712982876
H           -3.43469776230513        6.38532129253154       -2.12570027289879
H           -5.72169197932704        5.61056120003793       -1.63957385058564
28
 energy: -47.272706344015 gnorm: 0.001193785838 xtb: 6.7.1 (edcfbbe)
C          -10.72149994963018        1.44320957846419       -1.27958503734585
C           -9.29877238983370        1.00842926309015       -1.42147789156027
O           -8.93728015280295       -0.12551037408939       -1.65832020184080
O           -8.45897877999905        2.03247438906814       -1.26491687793537
C           -7.02097339220858        1.82042959592922       -1.35141072225435
C           -6.57313260603326        1.04022842248623       -0.11181785274781
O           -6.70845863778178        1.19052049343268       -2.54874054840078
N           -6.51570084775635        3.16074875495906       -1.33107000630071
C           -5.21979540752278        3.52576985295645       -1.69024518112738
C           -4.18388735368666        2.62115794393529       -1.89790956658606
C           -2.90176278786494        3.06405149548596       -2.17276958020155
C           -2.62231983234740        4.42010163996686       -2.24896907201543
O           -1.36942624301907        4.90214487525564       -2.51147274535519
C           -3.65570362761507        5.33254371156382       -2.05886772337869
C           -4.93146130561723        4.88989988415113       -1.78582329473776
H          -11.36618446655081        0.57090860270358       -1.25306938706512
H          -10.98417915607921        2.07011586893985       -2.12854612115079
H          -10.83056549895661        2.03670122489057       -0.37670404530646
H           -7.01282776037610        0.04620044229825       -0.11883767622870
H           -6.90030828604219        1.58019519032733        0.77130308769736
H           -5.49197826241477        0.96367493365580       -0.10196006505332
H           -7.04938949684641        0.27926683008972       -2.54009029276463
H           -7.21752256459607        3.83872630407115       -1.59430873199963
H           -4.37305003715649        1.56132368210039       -1.87843679426398
H           -2.11661870869722        2.33905350525330       -2.33219175920656
H           -0.74657701060897        4.16902044538018       -2.62204116973964
H           -3.43695411488971        6.38628009645431       -2.12981506896242
H           -5.72237032306700        5.60947134718057       -1.63998367416898
28
 energy: -47.272711124828 gnorm: 0.000886895679 xtb: 6.7.1 (edcfbbe)
C          -10.72128389514684        1.44514037690311       -1.28172679830004
C           -9.29865102756361        1.00970629755702       -1.42289665194251
O           -8.93746680896355       -0.12518488910121       -1.65665178000375
O           -8.45823563792025        2.03314806831508       -1.26596860744135
C           -7.02020429436867        1.81925002703100       -1.34972562949207
C           -6.57457000118853        1.03680478013311       -0.11074443103834
O           -6.70660146393077        1.19049570083696       -2.54726481337913
N           -6.51356561979231        3.15888371049442       -1.32721710294579
C           -5.21876098073405        3.52500838328542       -1.68828834354623
C           -4.18204494890126        2.62110124809012       -1.89563900612937
C           -2.90068180410261        3.06501759820987       -2.17261611996913
C           -2.62283815914769        4.42134420770090       -2.25124248355210
O           -1.37076891782419        4.90429013543271       -2.51601735903999
C           -3.65685548406397        5.33300338239886       -2.06115912149480
C           -4.93191629093349        4.88926220806168       -1.78627386513257
H          -11.36635725832433        0.57323677868711       -1.25306844618901
H          -10.98300706034080        2.06947954416134       -2.13277541673522
H          -10.83094579645033        2.04143249793337       -0.38074021345935
H           -7.01531515697440        0.04320200195627       -0.11935170974329
H           -6.90150792958620        1.57596932601427        0.77292196450265
H           -5.49345434349632        0.95885930123055       -0.10051548955175
H           -7.05159557413861        0.28056290147483       -2.54128753177166
H           -7.21585428202312        3.83864725216384       -1.58333767320871
H           -4.37011438170243        1.56105629485868       -1.87420712286773
H           -2.11483966475807        2.34075512377968       -2.33192756696650
H           -0.74743749913837        4.17146839926775       -2.62593891312736
H           -3.43943740311680        6.38689232112299       -2.13381596294543
H           -5.72336731536899        5.60830502200074       -1.64060180453039
